May  1 01:10:52 pfSense syslogd: kernel boot file is /boot/kernel/kernel
May  1 01:10:52 pfSense kernel: [39;49m[13B[K[25;1H[?12l[?25h[?1l>May  1 01:10:13  reboot[1303]: rebooted by root
May  1 01:10:52 pfSense kernel: Waiting (max 60 seconds) for system process `vnlru' to stop... done
May  1 01:10:52 pfSense kernel: Waiting (max 60 seconds) for system process `syncer' to stop... 
May  1 01:10:52 pfSense kernel: Syncing disks, vnodes remaining... 0 0 done
May  1 01:10:52 pfSense kernel: All buffers synced.
May  1 01:10:52 pfSense kernel: Uptime: 7m46s
May  1 01:10:52 pfSense kernel: uhub0: detached
May  1 01:10:52 pfSense kernel: uhid0: detached
May  1 01:10:52 pfSense kernel: uhid1: detached
May  1 01:10:52 pfSense kernel: uhub2: detached
May  1 01:10:52 pfSense kernel: uhub1: detached
May  1 01:10:52 pfSense kernel: ---<<BOOT>>---
May  1 01:10:52 pfSense kernel: Copyright (c) 1992-2023 The FreeBSD Project.
May  1 01:10:52 pfSense kernel: Copyright (c) 1979, 1980, 1983, 1986, 1988, 1989, 1991, 1992, 1993, 1994
May  1 01:10:52 pfSense kernel: 	The Regents of the University of California. All rights reserved.
May  1 01:10:52 pfSense kernel: FreeBSD is a registered trademark of The FreeBSD Foundation.
May  1 01:10:52 pfSense kernel: FreeBSD 14.0-CURRENT amd64 1400094 #1 RELENG_2_7_2-n255948-8d2b56da39c: Wed Dec  6 20:45:47 UTC 2023
May  1 01:10:52 pfSense kernel:     root@freebsd:/var/jenkins/workspace/pfSense-CE-snapshots-2_7_2-main/obj/amd64/StdASW5b/var/jenkins/workspace/pfSense-CE-snapshots-2_7_2-main/sources/FreeBSD-src-RELENG_2_7_2/amd64.amd64/sys/pfSense amd64
May  1 01:10:52 pfSense kernel: FreeBSD clang version 16.0.6 (https://github.com/llvm/llvm-project.git llvmorg-16.0.6-0-g7cbf1a259152)
May  1 01:10:52 pfSense kernel: VT(vga): text 80x25
May  1 01:10:52 pfSense kernel: CPU: AMD Ryzen 9 7950X3D 16-Core Processor           (4192.03-MHz K8-class CPU)
May  1 01:10:52 pfSense kernel:   Origin="AuthenticAMD"  Id=0xa60f12  Family=0x19  Model=0x61  Stepping=2
May  1 01:10:52 pfSense kernel:   Features=0x783fbff<FPU,VME,DE,PSE,TSC,MSR,PAE,MCE,CX8,APIC,SEP,MTRR,PGE,MCA,CMOV,PAT,PSE36,MMX,FXSR,SSE,SSE2>
May  1 01:10:52 pfSense kernel:   Features2=0xfef83203<SSE3,PCLMULQDQ,SSSE3,FMA,CX16,SSE4.1,SSE4.2,x2APIC,MOVBE,POPCNT,AESNI,XSAVE,OSXSAVE,AVX,F16C,RDRAND,HV>
May  1 01:10:52 pfSense kernel:   AMD Features=0x2e500800<SYSCALL,NX,MMX+,FFXSR,Page1GB,RDTSCP,LM>
May  1 01:10:52 pfSense kernel:   AMD Features2=0x4002f1<LAHF,CR8,ABM,SSE4A,MAS,OSVW,Topology>
May  1 01:10:52 pfSense kernel:   Structured Extended Features=0xf1bf07ab<FSGSBASE,TSCADJ,BMI1,AVX2,SMEP,BMI2,ERMS,INVPCID,AVX512F,AVX512DQ,RDSEED,ADX,SMAP,AVX512IFMA,CLFLUSHOPT,CLWB,AVX512CD,SHA,AVX512BW,AVX512VL>
May  1 01:10:52 pfSense kernel:   Structured Extended Features2=0x405f46<AVX512VBMI,UMIP,AVX512VBMI2,GFNI,VAES,VPCLMULQDQ,AVX512VNNI,AVX512BITALG,AVX512VPOPCNTDQ,RDPID>
May  1 01:10:52 pfSense kernel:   Structured Extended Features3=0x10<FSRM>
May  1 01:10:52 pfSense kernel:   XSAVE Features=0xf<XSAVEOPT,XSAVEC,XINUSE,XSAVES>
May  1 01:10:52 pfSense kernel:   AMD Extended Feature Extensions ID EBX=0x10001001<CLZERO,IBPB>
May  1 01:10:52 pfSense kernel:   TSC: P-state invariant
May  1 01:10:52 pfSense kernel: Hypervisor: Origin = "VMwareVMware"
May  1 01:10:52 pfSense kernel: real memory  = 1073741824 (1024 MB)
May  1 01:10:52 pfSense kernel: avail memory = 973459456 (928 MB)
May  1 01:10:52 pfSense kernel: Event timer "LAPIC" quality 600
May  1 01:10:52 pfSense kernel: ACPI APIC Table: <PTLTD  	 APIC  >
May  1 01:10:52 pfSense kernel: random: registering fast source Intel Secure Key RNG
May  1 01:10:52 pfSense kernel: random: fast provider: "Intel Secure Key RNG"
May  1 01:10:52 pfSense kernel: random: unblocking device.
May  1 01:10:52 pfSense kernel: MADT: Forcing active-low polarity and level trigger for SCI
May  1 01:10:52 pfSense kernel: ioapic0 <Version 2.0> irqs 0-23
May  1 01:10:52 pfSense kernel: TCP_ratelimit: Is now initialized
May  1 01:10:52 pfSense kernel: wlan: mac acl policy registered
May  1 01:10:52 pfSense kernel: ipw_bss: You need to read the LICENSE file in /usr/share/doc/legal/intel_ipw.LICENSE.
May  1 01:10:52 pfSense kernel: ipw_bss: If you agree with the license, set legal.intel_ipw.license_ack=1 in /boot/loader.conf.
May  1 01:10:52 pfSense kernel: module_register_init: MOD_LOAD (ipw_bss_fw, 0xffffffff807475a0, 0) error 1
May  1 01:10:52 pfSense kernel: ipw_ibss: You need to read the LICENSE file in /usr/share/doc/legal/intel_ipw.LICENSE.
May  1 01:10:52 pfSense kernel: ipw_ibss: If you agree with the license, set legal.intel_ipw.license_ack=1 in /boot/loader.conf.
May  1 01:10:52 pfSense kernel: module_register_init: MOD_LOAD (ipw_ibss_fw, 0xffffffff80747650, 0) error 1
May  1 01:10:52 pfSense kernel: ipw_monitor: You need to read the LICENSE file in /usr/share/doc/legal/intel_ipw.LICENSE.
May  1 01:10:52 pfSense kernel: ipw_monitor: If you agree with the license, set legal.intel_ipw.license_ack=1 in /boot/loader.conf.
May  1 01:10:52 pfSense kernel: module_register_init: MOD_LOAD (ipw_monitor_fw, 0xffffffff80747700, 0) error 1
May  1 01:10:52 pfSense kernel: iwi_bss: You need to read the LICENSE file in /usr/share/doc/legal/intel_iwi.LICENSE.
May  1 01:10:52 pfSense kernel: iwi_bss: If you agree with the license, set legal.intel_iwi.license_ack=1 in /boot/loader.conf.
May  1 01:10:52 pfSense kernel: module_register_init: MOD_LOAD (iwi_bss_fw, 0xffffffff80765180, 0) error 1
May  1 01:10:52 pfSense kernel: iwi_ibss: You need to read the LICENSE file in /usr/share/doc/legal/intel_iwi.LICENSE.
May  1 01:10:52 pfSense kernel: iwi_ibss: If you agree with the license, set legal.intel_iwi.license_ack=1 in /boot/loader.conf.
May  1 01:10:52 pfSense kernel: module_register_init: MOD_LOAD (iwi_ibss_fw, 0xffffffff80765230, 0) error 1
May  1 01:10:52 pfSense kernel: iwi_monitor: You need to read the LICENSE file in /usr/share/doc/legal/intel_iwi.LICENSE.
May  1 01:10:52 pfSense kernel: iwi_monitor: If you agree with the license, set legal.intel_iwi.license_ack=1 in /boot/loader.conf.
May  1 01:10:52 pfSense kernel: module_register_init: MOD_LOAD (iwi_monitor_fw, 0xffffffff807652e0, 0) error 1
May  1 01:10:52 pfSense kernel: random: entropy device external interface
May  1 01:10:52 pfSense kernel: kbd1 at kbdmux0
May  1 01:10:52 pfSense kernel: WARNING: Device "spkr" is Giant locked and may be deleted before FreeBSD 14.0.
May  1 01:10:52 pfSense kernel: netgate0: <VMware Virtual Machine>
May  1 01:10:52 pfSense kernel: vtvga0: <VT VGA driver>
May  1 01:10:52 pfSense kernel: smbios0: <System Management BIOS> at iomem 0xf69b0-0xf69ce
May  1 01:10:52 pfSense kernel: smbios0: Version: 2.7
May  1 01:10:52 pfSense kernel: acpi0: <INTEL 440BX>
May  1 01:10:52 pfSense kernel: acpi0: Power Button (fixed)
May  1 01:10:52 pfSense kernel: hpet0: <High Precision Event Timer> iomem 0xfed00000-0xfed003ff on acpi0
May  1 01:10:52 pfSense kernel: Timecounter "HPET" frequency 14318180 Hz quality 950
May  1 01:10:52 pfSense kernel: cpu0: <ACPI CPU> numa-domain 0 on acpi0
May  1 01:10:52 pfSense kernel: attimer0: <AT timer> port 0x40-0x43 irq 0 on acpi0
May  1 01:10:52 pfSense kernel: Timecounter "i8254" frequency 1193182 Hz quality 0
May  1 01:10:52 pfSense kernel: Event timer "i8254" frequency 1193182 Hz quality 100
May  1 01:10:52 pfSense kernel: atrtc0: <AT realtime clock> port 0x70-0x71 irq 8 on acpi0
May  1 01:10:52 pfSense kernel: atrtc0: registered as a time-of-day clock, resolution 1.000000s
May  1 01:10:52 pfSense kernel: Event timer "RTC" frequency 32768 Hz quality 0
May  1 01:10:52 pfSense kernel: Timecounter "ACPI-fast" frequency 3579545 Hz quality 900
May  1 01:10:52 pfSense kernel: acpi_timer0: <24-bit timer at 3.579545MHz> port 0x1008-0x100b on acpi0
May  1 01:10:52 pfSense kernel: pcib0: <ACPI Host-PCI bridge> port 0xcf8-0xcff on acpi0
May  1 01:10:52 pfSense kernel: pci0: <ACPI PCI bus> on pcib0
May  1 01:10:52 pfSense kernel: pcib1: <ACPI PCI-PCI bridge> at device 1.0 on pci0
May  1 01:10:52 pfSense kernel: pci1: <ACPI PCI bus> on pcib1
May  1 01:10:52 pfSense kernel: isab0: <PCI-ISA bridge> at device 7.0 on pci0
May  1 01:10:52 pfSense kernel: isa0: <ISA bus> on isab0
May  1 01:10:52 pfSense kernel: atapci0: <Intel PIIX4 UDMA33 controller> port 0x1f0-0x1f7,0x3f6,0x170-0x177,0x376,0x1060-0x106f at device 7.1 on pci0
May  1 01:10:52 pfSense kernel: ata0: <ATA channel> at channel 0 on atapci0
May  1 01:10:52 pfSense kernel: ata1: <ATA channel> at channel 1 on atapci0
May  1 01:10:52 pfSense kernel: pci0: <bridge> at device 7.3 (no driver attached)
May  1 01:10:52 pfSense kernel: vgapci0: <VGA-compatible display> port 0x1070-0x107f mem 0xe8000000-0xefffffff,0xfe000000-0xfe7fffff irq 16 at device 15.0 on pci0
May  1 01:10:52 pfSense kernel: vgapci0: Boot video device
May  1 01:10:52 pfSense kernel: mpt0: <LSILogic 1030 Ultra4 Adapter> port 0x1400-0x14ff mem 0xfeb80000-0xfeb9ffff,0xfeba0000-0xfebbffff irq 17 at device 16.0 on pci0
May  1 01:10:52 pfSense kernel: mpt0: MPI Version=1.2.0.0
May  1 01:10:52 pfSense kernel: pcib2: <ACPI PCI-PCI bridge> at device 17.0 on pci0
May  1 01:10:52 pfSense kernel: pci2: <ACPI PCI bus> on pcib2
May  1 01:10:52 pfSense kernel: uhci0: <VMware USB controller> port 0x20c0-0x20df irq 18 at device 0.0 on pci2
May  1 01:10:52 pfSense kernel: usbus0 on uhci0
May  1 01:10:52 pfSense kernel: em0: <Intel(R) Legacy PRO/1000 MT 82545EM (Copper)> port 0x2000-0x203f mem 0xfd5c0000-0xfd5dffff,0xfdff0000-0xfdffffff irq 19 at device 1.0 on pci2
May  1 01:10:52 pfSense kernel: em0: EEPROM V15.255-15
May  1 01:10:52 pfSense kernel: em0: Using 1024 TX descriptors and 1024 RX descriptors
May  1 01:10:52 pfSense kernel: em0: Ethernet address: XX:XX:XX:XX:XX:XX
May  1 01:10:52 pfSense kernel: em0: netmap queues/slots: TX 1/1024, RX 1/1024
May  1 01:10:52 pfSense kernel: em1: <Intel(R) Legacy PRO/1000 MT 82545EM (Copper)> port 0x2040-0x207f mem 0xfd5a0000-0xfd5bffff,0xfdfe0000-0xfdfeffff irq 16 at device 2.0 on pci2
May  1 01:10:52 pfSense kernel: em1: EEPROM V15.255-15
May  1 01:10:52 pfSense kernel: em1: Using 1024 TX descriptors and 1024 RX descriptors
May  1 01:10:52 pfSense kernel: em1: Ethernet address: XX:XX:XX:XX:XX:XX
May  1 01:10:52 pfSense kernel: em1: netmap queues/slots: TX 1/1024, RX 1/1024
May  1 01:10:52 pfSense kernel: pcm0: <AudioPCI ES1371-A> port 0x2080-0x20bf irq 17 at device 3.0 on pci2
May  1 01:10:52 pfSense kernel: pcm0: <Cirrus Logic CS4297A AC97 Codec>
May  1 01:10:52 pfSense kernel: pcm0: <Playback: DAC1,DAC2 / Record: ADC>
May  1 01:10:52 pfSense kernel: ehci0: <VMware USB 2.0 controller> mem 0xfd59f000-0xfd59ffff irq 18 at device 4.0 on pci2
May  1 01:10:52 pfSense kernel: usbus1: EHCI version 1.0
May  1 01:10:52 pfSense kernel: usbus1 on ehci0
May  1 01:10:52 pfSense kernel: pcib3: <ACPI PCI-PCI bridge> at device 21.0 on pci0
May  1 01:10:52 pfSense kernel: pcib4: <ACPI PCI-PCI bridge> at device 21.1 on pci0
May  1 01:10:52 pfSense kernel: pcib5: <ACPI PCI-PCI bridge> at device 21.2 on pci0
May  1 01:10:52 pfSense kernel: pcib6: <ACPI PCI-PCI bridge> at device 21.3 on pci0
May  1 01:10:52 pfSense kernel: pcib7: <ACPI PCI-PCI bridge> at device 21.4 on pci0
May  1 01:10:52 pfSense kernel: pcib8: <ACPI PCI-PCI bridge> at device 21.5 on pci0
May  1 01:10:52 pfSense kernel: pcib9: <ACPI PCI-PCI bridge> at device 21.6 on pci0
May  1 01:10:52 pfSense kernel: pcib10: <ACPI PCI-PCI bridge> at device 21.7 on pci0
May  1 01:10:52 pfSense kernel: pcib11: <ACPI PCI-PCI bridge> at device 22.0 on pci0
May  1 01:10:52 pfSense kernel: pcib12: <ACPI PCI-PCI bridge> at device 22.1 on pci0
May  1 01:10:52 pfSense kernel: pcib13: <ACPI PCI-PCI bridge> at device 22.2 on pci0
May  1 01:10:52 pfSense kernel: pcib14: <ACPI PCI-PCI bridge> at device 22.3 on pci0
May  1 01:10:52 pfSense kernel: pcib15: <ACPI PCI-PCI bridge> at device 22.4 on pci0
May  1 01:10:52 pfSense kernel: pcib16: <ACPI PCI-PCI bridge> at device 22.5 on pci0
May  1 01:10:52 pfSense kernel: pcib17: <ACPI PCI-PCI bridge> at device 22.6 on pci0
May  1 01:10:52 pfSense kernel: pcib18: <ACPI PCI-PCI bridge> at device 22.7 on pci0
May  1 01:10:52 pfSense kernel: pcib19: <ACPI PCI-PCI bridge> at device 23.0 on pci0
May  1 01:10:52 pfSense kernel: pcib20: <ACPI PCI-PCI bridge> at device 23.1 on pci0
May  1 01:10:52 pfSense kernel: pcib21: <ACPI PCI-PCI bridge> at device 23.2 on pci0
May  1 01:10:52 pfSense kernel: pcib22: <ACPI PCI-PCI bridge> at device 23.3 on pci0
May  1 01:10:52 pfSense kernel: pcib23: <ACPI PCI-PCI bridge> at device 23.4 on pci0
May  1 01:10:52 pfSense kernel: pcib24: <ACPI PCI-PCI bridge> at device 23.5 on pci0
May  1 01:10:52 pfSense kernel: pcib25: <ACPI PCI-PCI bridge> at device 23.6 on pci0
May  1 01:10:52 pfSense kernel: pcib26: <ACPI PCI-PCI bridge> at device 23.7 on pci0
May  1 01:10:52 pfSense kernel: pcib27: <ACPI PCI-PCI bridge> at device 24.0 on pci0
May  1 01:10:52 pfSense kernel: pcib28: <ACPI PCI-PCI bridge> at device 24.1 on pci0
May  1 01:10:52 pfSense kernel: pcib29: <ACPI PCI-PCI bridge> at device 24.2 on pci0
May  1 01:10:52 pfSense kernel: pcib30: <ACPI PCI-PCI bridge> at device 24.3 on pci0
May  1 01:10:52 pfSense kernel: pcib31: <ACPI PCI-PCI bridge> at device 24.4 on pci0
May  1 01:10:52 pfSense kernel: pcib32: <ACPI PCI-PCI bridge> at device 24.5 on pci0
May  1 01:10:52 pfSense kernel: pcib33: <ACPI PCI-PCI bridge> at device 24.6 on pci0
May  1 01:10:52 pfSense kernel: pcib34: <ACPI PCI-PCI bridge> at device 24.7 on pci0
May  1 01:10:52 pfSense kernel: acpi_acad0: <AC Adapter> on acpi0
May  1 01:10:52 pfSense kernel: atkbdc0: <Keyboard controller (i8042)> port 0x60,0x64 irq 1 on acpi0
May  1 01:10:52 pfSense kernel: atkbd0: <AT Keyboard> irq 1 on atkbdc0
May  1 01:10:52 pfSense kernel: kbd0 at atkbd0
May  1 01:10:52 pfSense kernel: atkbd0: [GIANT-LOCKED]
May  1 01:10:52 pfSense kernel: psm0: <PS/2 Mouse> irq 12 on atkbdc0
May  1 01:10:52 pfSense kernel: psm0: [GIANT-LOCKED]
May  1 01:10:52 pfSense kernel: WARNING: Device "psm" is Giant locked and may be deleted before FreeBSD 14.0.
May  1 01:10:52 pfSense kernel: psm0: model IntelliMouse, device ID 3
May  1 01:10:52 pfSense kernel: acpi_syscontainer0: <System Container> on acpi0
May  1 01:10:52 pfSense kernel: orm0: <ISA Option ROMs> at iomem 0xc0000-0xc7fff,0xc8000-0xc9fff,0xca000-0xcafff,0xcb000-0xcbfff,0xdc000-0xdffff,0xe0000-0xe7fff pnpid ORM0000 on isa0
May  1 01:10:52 pfSense kernel: vga0: <Generic ISA VGA> at port 0x3c0-0x3df iomem 0xa0000-0xbffff pnpid PNP0900 on isa0
May  1 01:10:52 pfSense kernel: Timecounter "TSC-low" frequency 2096017500 Hz quality 1000
May  1 01:10:52 pfSense kernel: Timecounters tick every 10.000 msec
May  1 01:10:52 pfSense kernel: ZFS filesystem version: 5
May  1 01:10:52 pfSense kernel: ZFS storage pool version: features support (5000)
May  1 01:10:52 pfSense kernel: em0: link state changed to UP
May  1 01:10:52 pfSense kernel: em1: link state changed to UP
May  1 01:10:52 pfSense kernel: usbus0: 12Mbps Full Speed USB v1.0
May  1 01:10:52 pfSense kernel: usbus1: 480Mbps High Speed USB v2.0
May  1 01:10:52 pfSense kernel: ugen1.1: <VMware EHCI root HUB> at usbus1
May  1 01:10:52 pfSense kernel: uhub0 on usbus1
May  1 01:10:52 pfSense kernel: uhub0: <VMware EHCI root HUB, class 9/0, rev 2.00/1.00, addr 1> on usbus1
May  1 01:10:52 pfSense kernel: ugen0.1: <VMware UHCI root HUB> at usbus0
May  1 01:10:52 pfSense kernel: uhub1 on usbus0
May  1 01:10:52 pfSense kernel: uhub1: <VMware UHCI root HUB, class 9/0, rev 1.00/1.00, addr 1> on usbus0
May  1 01:10:52 pfSense kernel: Trying to mount root from ufs:/dev/ufsid/69f3fd10a58f77d7 [rw,noatime]...
May  1 01:10:52 pfSense kernel: uhub1: 2 ports with 2 removable, self powered
May  1 01:10:52 pfSense kernel: Root mount waiting for: CAM usbus0 usbus1
May  1 01:10:52 pfSense kernel: ugen0.2: <VMware VMware Virtual USB Mouse> at usbus0
May  1 01:10:52 pfSense kernel: uhid0 on uhub1
May  1 01:10:52 pfSense kernel: uhid0: <VMware> on usbus0
May  1 01:10:52 pfSense kernel: uhid1 on uhub1
May  1 01:10:52 pfSense kernel: uhid1: <VMware> on usbus0
May  1 01:10:52 pfSense kernel: ugen0.3: <VMware, Inc. VMware Virtual USB Hub> at usbus0
May  1 01:10:52 pfSense kernel: uhub2 on uhub1
May  1 01:10:52 pfSense kernel: uhub2: <VMware, Inc.> on usbus0
May  1 01:10:52 pfSense kernel: Root mount waiting for: CAM usbus0 usbus1
May  1 01:10:52 pfSense kernel: uhub0: 6 ports with 6 removable, self powered
May  1 01:10:52 pfSense kernel: uhub2: 7 ports with 7 removable, self powered
May  1 01:10:52 pfSense kernel: Root mount waiting for: CAM
May  1 01:10:52 pfSense kernel: Root mount waiting for: CAM
May  1 01:10:52 pfSense kernel: Root mount waiting for: CAM
May  1 01:10:52 pfSense kernel: Root mount waiting for: CAM
May  1 01:10:52 pfSense kernel: Root mount waiting for: CAM
May  1 01:10:52 pfSense kernel: Root mount waiting for: CAM
May  1 01:10:52 pfSense kernel: Root mount waiting for: CAM
May  1 01:10:52 pfSense kernel: cd0 at ata1 bus 0 scbus1 target 0 lun 0
May  1 01:10:52 pfSense kernel: cd0: <NECVMWar VMware IDE CDR10 1.00> Removable CD-ROM SCSI device
May  1 01:10:52 pfSense kernel: cd0: Serial Number 10000000000000000001
May  1 01:10:52 pfSense kernel: cd0: 33.300MB/s transfers (UDMA2, ATAPI 12bytes, PIO 65534bytes)
May  1 01:10:52 pfSense kernel: cd0: 834MB (427086 2048 byte sectors)
May  1 01:10:52 pfSense kernel: cd0: quirks=0x40<RETRY_BUSY>
May  1 01:10:52 pfSense kernel: da0 at mpt0 bus 0 scbus2 target 0 lun 0
May  1 01:10:52 pfSense kernel: da0: <VMware, VMware Virtual S 1.0> Fixed Direct Access SCSI-2 device
May  1 01:10:52 pfSense kernel: da0: 320.000MB/s transfers (160.000MHz, offset 127, 16bit)
May  1 01:10:52 pfSense kernel: da0: Command Queueing enabled
May  1 01:10:52 pfSense kernel: da0: 20480MB (41943040 512 byte sectors)
May  1 01:10:52 pfSense kernel: da0: quirks=0x140<RETRY_BUSY,STRICT_UNMAP>
May  1 01:10:52 pfSense kernel: CPU: AMD Ryzen 9 7950X3D 16-Core Processor           (4192.03-MHz K8-class CPU)
May  1 01:10:52 pfSense kernel:   Origin="AuthenticAMD"  Id=0xa60f12  Family=0x19  Model=0x61  Stepping=2
May  1 01:10:52 pfSense kernel:   Features=0x78bfbff<FPU,VME,DE,PSE,TSC,MSR,PAE,MCE,CX8,APIC,SEP,MTRR,PGE,MCA,CMOV,PAT,PSE36,CLFLUSH,MMX,FXSR,SSE,SSE2>
May  1 01:10:52 pfSense kernel:   Features2=0xfef83203<SSE3,PCLMULQDQ,SSSE3,FMA,CX16,SSE4.1,SSE4.2,x2APIC,MOVBE,POPCNT,AESNI,XSAVE,OSXSAVE,AVX,F16C,RDRAND,HV>
May  1 01:10:52 pfSense kernel:   AMD Features=0x2e500800<SYSCALL,NX,MMX+,FFXSR,Page1GB,RDTSCP,LM>
May  1 01:10:52 pfSense kernel:   AMD Features2=0x4002f1<LAHF,CR8,ABM,SSE4A,MAS,OSVW,Topology>
May  1 01:10:52 pfSense kernel:   Structured Extended Features=0xf1bf07ab<FSGSBASE,TSCADJ,BMI1,AVX2,SMEP,BMI2,ERMS,INVPCID,AVX512F,AVX512DQ,RDSEED,ADX,SMAP,AVX512IFMA,CLFLUSHOPT,CLWB,AVX512CD,SHA,AVX512BW,AVX512VL>
May  1 01:10:52 pfSense kernel:   Structured Extended Features2=0x405f46<AVX512VBMI,UMIP,AVX512VBMI2,GFNI,VAES,VPCLMULQDQ,AVX512VNNI,AVX512BITALG,AVX512VPOPCNTDQ,RDPID>
May  1 01:10:52 pfSense kernel:   Structured Extended Features3=0x10<FSRM>
May  1 01:10:52 pfSense kernel:   XSAVE Features=0xf<XSAVEOPT,XSAVEC,XINUSE,XSAVES>
May  1 01:10:52 pfSense kernel:   AMD Extended Feature Extensions ID EBX=0x10001001<CLZERO,IBPB>
May  1 01:10:52 pfSense kernel:   TSC: P-state invariant
May  1 01:10:52 pfSense kernel: Hypervisor: Origin = "VMwareVMware"
May  1 01:10:52 pfSense kernel: intsmb0: <Intel PIIX4 SMBUS Interface> port 0x1040-0x104f at device 7.3 on pci0
May  1 01:10:52 pfSense kernel: intsmb0: intr SMI disabled revision 0
May  1 01:10:52 pfSense kernel: smbus0: <System Management Bus> on intsmb0
May  1 01:10:52 pfSense kernel: lo0: link state changed to UP
May  1 01:10:54 pfSense kernel: done.
May  1 01:10:55 pfSense kernel: done.
May  1 01:10:55 pfSense php-fpm[391]: /rc.linkup: The command '/sbin/dhclient -c /var/etc/dhclient_wan.conf -p /var/run/dhclient.em0.pid em0 > /tmp/em0_output 2> /tmp/em0_error_output' returned exit code '15', the output was '' 
May  1 01:10:59 pfSense check_reload_status[429]: rc.newwanip starting em0
May  1 01:10:59 pfSense php-cgi[449]: rc.bootup: calling interface_dhcpv6_configure.
May  1 01:10:59 pfSense php-cgi[449]: rc.bootup: Accept router advertisements on interface em0 
May  1 01:10:59 pfSense php-cgi[449]: rc.bootup: Starting DHCP6 client for interfaces em0 in DHCP6 without RA mode
May  1 01:10:59 pfSense php-cgi[449]: rc.bootup: Starting rtsold process on wan(em0)
May  1 01:11:00 pfSense php-fpm[390]: /rc.newwanip: rc.newwanip: Info: starting on em0.
May  1 01:11:00 pfSense php-fpm[390]: /rc.newwanip: rc.newwanip: on (IP address: 192.168.19.133) (interface: WAN[wan]) (real interface: em0).
May  1 01:11:01 pfSense php-cgi[449]: rc.bootup: Resyncing OpenVPN instances.
May  1 01:11:01 pfSense kernel: done.
May  1 01:11:01 pfSense kernel: done.
May  1 01:11:01 pfSense kernel: pflog0: promiscuous mode enabled
May  1 01:11:01 pfSense kernel: done.
May  1 01:11:01 pfSense php-cgi[449]: rc.bootup: Gateway, NONE AVAILABLE
May  1 01:11:01 pfSense php-cgi[449]: rc.bootup: Default gateway setting Interface WAN_DHCP Gateway as default.
May  1 01:11:01 pfSense php-cgi[449]: rc.bootup: Gateway, none 'available' for inet6, use the first one configured. 'WAN_DHCP6'
May  1 01:11:01 pfSense php-cgi[449]: rc.bootup: Unbound start waiting on dhcp6c.
May  1 01:11:01 pfSense kernel: done.
May  1 01:11:03 pfSense php-cgi[449]: rc.bootup: Unbound start waiting on dhcp6c.
May  1 01:11:04 pfSense php-cgi[449]: rc.bootup: Unbound start waiting on dhcp6c.
May  1 01:11:05 pfSense php-cgi[449]: rc.bootup: Unbound start waiting on dhcp6c.
May  1 01:11:06 pfSense php-cgi[449]: rc.bootup: Unbound start waiting on dhcp6c.
May  1 01:11:07 pfSense php-cgi[449]: rc.bootup: Unbound start waiting on dhcp6c.
May  1 01:11:08 pfSense php-cgi[449]: rc.bootup: Unbound start waiting on dhcp6c.
May  1 01:11:09 pfSense php-cgi[449]: rc.bootup: Unbound start waiting on dhcp6c.
May  1 01:11:10 pfSense php-cgi[449]: rc.bootup: Unbound start waiting on dhcp6c.
May  1 01:11:11 pfSense php-cgi[449]: rc.bootup: Unbound start waiting on dhcp6c.
May  1 01:11:13 pfSense php-cgi[449]: rc.bootup: sync unbound done.
May  1 01:11:13 pfSense kernel: done.
May  1 01:11:13 pfSense kernel: done.
May  1 05:11:22 pfSense kernel: done.
May  1 05:11:22 pfSense php-cgi[449]: rc.bootup: NTPD is starting up.
May  1 05:11:22 pfSense php-cgi[449]: rc.bootup: Creating self-signed SSL/TLS certificate ()
May  1 05:11:22 pfSense kernel: done.
May  1 05:11:23 pfSense php-cgi[449]: rc.bootup: Configuration Change: (system): Generated new self-signed SSL/TLS certificate for HTTPS (69f435fae7392)
May  1 05:11:23 pfSense check_reload_status[429]: Syncing firewall
May  1 05:11:24 pfSense kernel: done.
May  1 05:11:24 pfSense kernel: done.
May  1 05:11:24 pfSense check_reload_status[429]: Updating all dyndns
May  1 05:11:24 pfSense php-cgi[449]: rc.bootup: The command '/usr/local/sbin/strongswanrc stop' returned exit code '1', the output was 'strongswan not running? (check /var/run/daemon-charon.pid).' 
May  1 05:11:24 pfSense kernel: .....done.
May  1 05:11:26 pfSense check_reload_status[429]: rc.newwanip starting em0
May  1 05:11:27 pfSense php-fpm[390]: /rc.newwanip: rc.newwanip: Info: starting on em0.
May  1 05:11:27 pfSense php-fpm[390]: /rc.newwanip: rc.newwanip: on (IP address: 192.168.19.133) (interface: WAN[wan]) (real interface: em0).
May  1 05:11:28 pfSense php-cgi[449]: rc.bootup: Creating rrd update script
May  1 05:11:28 pfSense syslogd: exiting on signal 15
May  1 05:11:28 pfSense syslogd: kernel boot file is /boot/kernel/kernel
May  1 05:11:28 pfSense kernel: done.
May  1 05:11:28 pfSense kernel: done.
May  1 05:11:28 pfSense php-fpm[390]: /rc.start_packages: Restarting/Starting all packages.
May  1 05:11:28 pfSense root[79805]: Bootup complete
May  1 05:11:28 pfSense login[82017]: login on ttyv0 as root
May  1 05:11:29 pfSense sshguard[84747]: Now monitoring attacks.
May  1 05:45:31 pfSense kernel: em0: link state changed to DOWN
May  1 05:45:31 pfSense check_reload_status[429]: Linkup starting em0
May  1 05:45:32 pfSense php-fpm[390]: /rc.linkup: Hotplug event detected for WAN(wan) dynamic IP address (4: dhcp, 6: dhcp6)
May  1 05:45:32 pfSense php-fpm[390]: /rc.linkup: DEVD Ethernet detached event for wan
May  1 05:45:36 pfSense check_reload_status[429]: Reloading filter
May  1 05:45:36 pfSense rc.gateway_alarm[73868]: >>> Gateway alarm: WAN_DHCP (Addr:192.168.19.2 Alarm:down RTT:0ms RTTsd:0ms Loss:100%)
May  1 05:45:36 pfSense check_reload_status[429]: updating dyndns WAN_DHCP
May  1 05:45:36 pfSense check_reload_status[429]: Restarting IPsec tunnels
May  1 05:45:36 pfSense check_reload_status[429]: Restarting OpenVPN tunnels/interfaces
May  1 05:45:36 pfSense check_reload_status[429]: Reloading filter
May  1 05:45:36 pfSense check_reload_status[429]: Linkup starting em0
May  1 05:45:36 pfSense kernel: em0: link state changed to UP
May  1 05:45:37 pfSense php-fpm[391]: /rc.linkup: Hotplug event detected for WAN(wan) dynamic IP address (4: dhcp, 6: dhcp6)
May  1 05:45:37 pfSense php-fpm[391]: /rc.linkup: DEVD Ethernet attached event for wan
May  1 05:45:37 pfSense php-fpm[391]: /rc.linkup: HOTPLUG: Configuring interface wan
May  1 05:45:37 pfSense check_reload_status[429]: rc.newwanip starting em0
May  1 05:45:37 pfSense php-fpm[391]: /rc.linkup: calling interface_dhcpv6_configure.
May  1 05:45:37 pfSense php-fpm[391]: /rc.linkup: Accept router advertisements on interface em0 
May  1 05:45:37 pfSense php-fpm[391]: /rc.linkup: Starting DHCP6 client for interfaces em0 in DHCP6 without RA mode
May  1 05:45:37 pfSense php-fpm[391]: /rc.linkup: Starting rtsold process on wan(em0)
May  1 05:45:38 pfSense php-fpm[390]: /rc.newwanip: rc.newwanip: Info: starting on em0.
May  1 05:45:38 pfSense php-fpm[390]: /rc.newwanip: rc.newwanip: on (IP address: 192.168.19.133) (interface: WAN[wan]) (real interface: em0).
May  1 05:45:39 pfSense php-fpm[390]: /rc.newwanip: Gateway, NONE AVAILABLE
May  1 05:45:39 pfSense php-fpm[390]: /rc.newwanip: Gateway, none 'available' for inet6, use the first one configured. 'WAN_DHCP6'
May  1 05:45:39 pfSense php-fpm[390]: /rc.newwanip: IP Address has changed, killing states on former IP Address 0.0.0.0.
May  1 05:45:39 pfSense php-fpm[390]: /rc.newwanip: Resyncing OpenVPN instances for interface WAN.
May  1 05:45:39 pfSense php-fpm[390]: /rc.newwanip: Creating rrd update script
May  1 05:45:39 pfSense php-fpm[391]: /rc.linkup: Gateway, NONE AVAILABLE
May  1 05:45:39 pfSense php-fpm[391]: /rc.linkup: Gateway, none 'available' for inet6, use the first one configured. 'WAN_DHCP6'
May  1 05:45:39 pfSense check_reload_status[429]: Restarting IPsec tunnels
May  1 05:45:39 pfSense check_reload_status[429]: updating dyndns wan
May  1 05:45:39 pfSense check_reload_status[429]: Reloading filter
May  1 05:45:41 pfSense php-fpm[390]: /rc.newwanip: pfSense package system has detected an IP change or dynamic WAN reconnection - 0.0.0.0 ->  192.168.19.133 - Restarting packages.
May  1 05:45:41 pfSense check_reload_status[429]: Starting packages
May  1 05:45:41 pfSense check_reload_status[429]: Reloading filter
May  1 05:45:42 pfSense php-fpm[391]: /rc.start_packages: Restarting/Starting all packages.
May  1 05:54:34 pfSense syslogd: kernel boot file is /boot/kernel/kernel
May  1 05:54:34 pfSense kernel: ---<<BOOT>>---
May  1 05:54:34 pfSense kernel: Copyright (c) 1992-2023 The FreeBSD Project.
May  1 05:54:34 pfSense kernel: Copyright (c) 1979, 1980, 1983, 1986, 1988, 1989, 1991, 1992, 1993, 1994
May  1 05:54:34 pfSense kernel: 	The Regents of the University of California. All rights reserved.
May  1 05:54:34 pfSense kernel: FreeBSD is a registered trademark of The FreeBSD Foundation.
May  1 05:54:34 pfSense kernel: FreeBSD 14.0-CURRENT amd64 1400094 #1 RELENG_2_7_2-n255948-8d2b56da39c: Wed Dec  6 20:45:47 UTC 2023
May  1 05:54:34 pfSense kernel:     root@freebsd:/var/jenkins/workspace/pfSense-CE-snapshots-2_7_2-main/obj/amd64/StdASW5b/var/jenkins/workspace/pfSense-CE-snapshots-2_7_2-main/sources/FreeBSD-src-RELENG_2_7_2/amd64.amd64/sys/pfSense amd64
May  1 05:54:34 pfSense kernel: FreeBSD clang version 16.0.6 (https://github.com/llvm/llvm-project.git llvmorg-16.0.6-0-g7cbf1a259152)
May  1 05:54:34 pfSense kernel: VT(vga): text 80x25
May  1 05:54:34 pfSense kernel: CPU: AMD Ryzen 9 7950X3D 16-Core Processor           (4192.03-MHz K8-class CPU)
May  1 05:54:34 pfSense kernel:   Origin="AuthenticAMD"  Id=0xa60f12  Family=0x19  Model=0x61  Stepping=2
May  1 05:54:34 pfSense kernel:   Features=0x783fbff<FPU,VME,DE,PSE,TSC,MSR,PAE,MCE,CX8,APIC,SEP,MTRR,PGE,MCA,CMOV,PAT,PSE36,MMX,FXSR,SSE,SSE2>
May  1 05:54:34 pfSense kernel:   Features2=0xfef83203<SSE3,PCLMULQDQ,SSSE3,FMA,CX16,SSE4.1,SSE4.2,x2APIC,MOVBE,POPCNT,AESNI,XSAVE,OSXSAVE,AVX,F16C,RDRAND,HV>
May  1 05:54:34 pfSense kernel:   AMD Features=0x2e500800<SYSCALL,NX,MMX+,FFXSR,Page1GB,RDTSCP,LM>
May  1 05:54:34 pfSense kernel:   AMD Features2=0x4002f1<LAHF,CR8,ABM,SSE4A,MAS,OSVW,Topology>
May  1 05:54:34 pfSense kernel:   Structured Extended Features=0xf1bf07ab<FSGSBASE,TSCADJ,BMI1,AVX2,SMEP,BMI2,ERMS,INVPCID,AVX512F,AVX512DQ,RDSEED,ADX,SMAP,AVX512IFMA,CLFLUSHOPT,CLWB,AVX512CD,SHA,AVX512BW,AVX512VL>
May  1 05:54:34 pfSense kernel:   Structured Extended Features2=0x405f46<AVX512VBMI,UMIP,AVX512VBMI2,GFNI,VAES,VPCLMULQDQ,AVX512VNNI,AVX512BITALG,AVX512VPOPCNTDQ,RDPID>
May  1 05:54:34 pfSense kernel:   Structured Extended Features3=0x10<FSRM>
May  1 05:54:34 pfSense kernel:   XSAVE Features=0xf<XSAVEOPT,XSAVEC,XINUSE,XSAVES>
May  1 05:54:34 pfSense kernel:   AMD Extended Feature Extensions ID EBX=0x10001001<CLZERO,IBPB>
May  1 05:54:34 pfSense kernel:   TSC: P-state invariant
May  1 05:54:34 pfSense kernel: Hypervisor: Origin = "VMwareVMware"
May  1 05:54:34 pfSense kernel: real memory  = 1073741824 (1024 MB)
May  1 05:54:34 pfSense kernel: avail memory = 973459456 (928 MB)
May  1 05:54:34 pfSense kernel: Event timer "LAPIC" quality 600
May  1 05:54:34 pfSense kernel: ACPI APIC Table: <PTLTD  	 APIC  >
May  1 05:54:34 pfSense kernel: random: registering fast source Intel Secure Key RNG
May  1 05:54:34 pfSense kernel: random: fast provider: "Intel Secure Key RNG"
May  1 05:54:34 pfSense kernel: random: unblocking device.
May  1 05:54:34 pfSense kernel: MADT: Forcing active-low polarity and level trigger for SCI
May  1 05:54:34 pfSense kernel: ioapic0 <Version 2.0> irqs 0-23
May  1 05:54:34 pfSense kernel: TCP_ratelimit: Is now initialized
May  1 05:54:34 pfSense kernel: wlan: mac acl policy registered
May  1 05:54:34 pfSense kernel: ipw_bss: You need to read the LICENSE file in /usr/share/doc/legal/intel_ipw.LICENSE.
May  1 05:54:34 pfSense kernel: ipw_bss: If you agree with the license, set legal.intel_ipw.license_ack=1 in /boot/loader.conf.
May  1 05:54:34 pfSense kernel: module_register_init: MOD_LOAD (ipw_bss_fw, 0xffffffff807475a0, 0) error 1
May  1 05:54:34 pfSense kernel: ipw_ibss: You need to read the LICENSE file in /usr/share/doc/legal/intel_ipw.LICENSE.
May  1 05:54:34 pfSense kernel: ipw_ibss: If you agree with the license, set legal.intel_ipw.license_ack=1 in /boot/loader.conf.
May  1 05:54:34 pfSense kernel: module_register_init: MOD_LOAD (ipw_ibss_fw, 0xffffffff80747650, 0) error 1
May  1 05:54:34 pfSense kernel: ipw_monitor: You need to read the LICENSE file in /usr/share/doc/legal/intel_ipw.LICENSE.
May  1 05:54:34 pfSense kernel: ipw_monitor: If you agree with the license, set legal.intel_ipw.license_ack=1 in /boot/loader.conf.
May  1 05:54:34 pfSense kernel: module_register_init: MOD_LOAD (ipw_monitor_fw, 0xffffffff80747700, 0) error 1
May  1 05:54:34 pfSense kernel: iwi_bss: You need to read the LICENSE file in /usr/share/doc/legal/intel_iwi.LICENSE.
May  1 05:54:34 pfSense kernel: iwi_bss: If you agree with the license, set legal.intel_iwi.license_ack=1 in /boot/loader.conf.
May  1 05:54:34 pfSense kernel: module_register_init: MOD_LOAD (iwi_bss_fw, 0xffffffff80765180, 0) error 1
May  1 05:54:34 pfSense kernel: iwi_ibss: You need to read the LICENSE file in /usr/share/doc/legal/intel_iwi.LICENSE.
May  1 05:54:34 pfSense kernel: iwi_ibss: If you agree with the license, set legal.intel_iwi.license_ack=1 in /boot/loader.conf.
May  1 05:54:34 pfSense kernel: module_register_init: MOD_LOAD (iwi_ibss_fw, 0xffffffff80765230, 0) error 1
May  1 05:54:34 pfSense kernel: iwi_monitor: You need to read the LICENSE file in /usr/share/doc/legal/intel_iwi.LICENSE.
May  1 05:54:34 pfSense kernel: iwi_monitor: If you agree with the license, set legal.intel_iwi.license_ack=1 in /boot/loader.conf.
May  1 05:54:34 pfSense kernel: module_register_init: MOD_LOAD (iwi_monitor_fw, 0xffffffff807652e0, 0) error 1
May  1 05:54:34 pfSense kernel: random: entropy device external interface
May  1 05:54:34 pfSense kernel: kbd1 at kbdmux0
May  1 05:54:34 pfSense kernel: WARNING: Device "spkr" is Giant locked and may be deleted before FreeBSD 14.0.
May  1 05:54:34 pfSense kernel: netgate0: <VMware Virtual Machine>
May  1 05:54:34 pfSense kernel: vtvga0: <VT VGA driver>
May  1 05:54:34 pfSense kernel: smbios0: <System Management BIOS> at iomem 0xf69b0-0xf69ce
May  1 05:54:34 pfSense kernel: smbios0: Version: 2.7
May  1 05:54:34 pfSense kernel: acpi0: <INTEL 440BX>
May  1 05:54:34 pfSense kernel: acpi0: Power Button (fixed)
May  1 05:54:34 pfSense kernel: hpet0: <High Precision Event Timer> iomem 0xfed00000-0xfed003ff on acpi0
May  1 05:54:34 pfSense kernel: Timecounter "HPET" frequency 14318180 Hz quality 950
May  1 05:54:34 pfSense kernel: cpu0: <ACPI CPU> numa-domain 0 on acpi0
May  1 05:54:34 pfSense kernel: attimer0: <AT timer> port 0x40-0x43 irq 0 on acpi0
May  1 05:54:34 pfSense kernel: Timecounter "i8254" frequency 1193182 Hz quality 0
May  1 05:54:34 pfSense kernel: Event timer "i8254" frequency 1193182 Hz quality 100
May  1 05:54:34 pfSense kernel: atrtc0: <AT realtime clock> port 0x70-0x71 irq 8 on acpi0
May  1 05:54:34 pfSense kernel: atrtc0: registered as a time-of-day clock, resolution 1.000000s
May  1 05:54:34 pfSense kernel: Event timer "RTC" frequency 32768 Hz quality 0
May  1 05:54:34 pfSense kernel: Timecounter "ACPI-fast" frequency 3579545 Hz quality 900
May  1 05:54:34 pfSense kernel: acpi_timer0: <24-bit timer at 3.579545MHz> port 0x1008-0x100b on acpi0
May  1 05:54:34 pfSense kernel: pcib0: <ACPI Host-PCI bridge> port 0xcf8-0xcff on acpi0
May  1 05:54:34 pfSense kernel: pci0: <ACPI PCI bus> on pcib0
May  1 05:54:34 pfSense kernel: pcib1: <ACPI PCI-PCI bridge> at device 1.0 on pci0
May  1 05:54:34 pfSense kernel: pci1: <ACPI PCI bus> on pcib1
May  1 05:54:34 pfSense kernel: isab0: <PCI-ISA bridge> at device 7.0 on pci0
May  1 05:54:34 pfSense kernel: isa0: <ISA bus> on isab0
May  1 05:54:34 pfSense kernel: atapci0: <Intel PIIX4 UDMA33 controller> port 0x1f0-0x1f7,0x3f6,0x170-0x177,0x376,0x1060-0x106f at device 7.1 on pci0
May  1 05:54:34 pfSense kernel: ata0: <ATA channel> at channel 0 on atapci0
May  1 05:54:34 pfSense kernel: ata1: <ATA channel> at channel 1 on atapci0
May  1 05:54:34 pfSense kernel: pci0: <bridge> at device 7.3 (no driver attached)
May  1 05:54:34 pfSense kernel: vgapci0: <VGA-compatible display> port 0x1070-0x107f mem 0xe8000000-0xefffffff,0xfe000000-0xfe7fffff irq 16 at device 15.0 on pci0
May  1 05:54:34 pfSense kernel: vgapci0: Boot video device
May  1 05:54:34 pfSense kernel: mpt0: <LSILogic 1030 Ultra4 Adapter> port 0x1400-0x14ff mem 0xfeb80000-0xfeb9ffff,0xfeba0000-0xfebbffff irq 17 at device 16.0 on pci0
May  1 05:54:34 pfSense kernel: mpt0: MPI Version=1.2.0.0
May  1 05:54:34 pfSense kernel: pcib2: <ACPI PCI-PCI bridge> at device 17.0 on pci0
May  1 05:54:34 pfSense kernel: pci2: <ACPI PCI bus> on pcib2
May  1 05:54:34 pfSense kernel: uhci0: <VMware USB controller> port 0x20c0-0x20df irq 18 at device 0.0 on pci2
May  1 05:54:34 pfSense kernel: usbus0 on uhci0
May  1 05:54:34 pfSense kernel: em0: <Intel(R) Legacy PRO/1000 MT 82545EM (Copper)> port 0x2000-0x203f mem 0xfd5c0000-0xfd5dffff,0xfdff0000-0xfdffffff irq 19 at device 1.0 on pci2
May  1 05:54:34 pfSense kernel: em0: EEPROM V15.255-15
May  1 05:54:34 pfSense kernel: em0: Using 1024 TX descriptors and 1024 RX descriptors
May  1 05:54:34 pfSense kernel: em0: Ethernet address: XX:XX:XX:XX:XX:XX
May  1 05:54:34 pfSense kernel: em0: netmap queues/slots: TX 1/1024, RX 1/1024
May  1 05:54:34 pfSense kernel: em1: <Intel(R) Legacy PRO/1000 MT 82545EM (Copper)> port 0x2040-0x207f mem 0xfd5a0000-0xfd5bffff,0xfdfe0000-0xfdfeffff irq 16 at device 2.0 on pci2
May  1 05:54:34 pfSense kernel: em1: EEPROM V15.255-15
May  1 05:54:34 pfSense kernel: em1: Using 1024 TX descriptors and 1024 RX descriptors
May  1 05:54:34 pfSense kernel: em1: Ethernet address: XX:XX:XX:XX:XX:XX
May  1 05:54:34 pfSense kernel: em1: netmap queues/slots: TX 1/1024, RX 1/1024
May  1 05:54:34 pfSense kernel: pcm0: <AudioPCI ES1371-A> port 0x2080-0x20bf irq 17 at device 3.0 on pci2
May  1 05:54:34 pfSense kernel: pcm0: <Cirrus Logic CS4297A AC97 Codec>
May  1 05:54:34 pfSense kernel: pcm0: <Playback: DAC1,DAC2 / Record: ADC>
May  1 05:54:34 pfSense kernel: ehci0: <VMware USB 2.0 controller> mem 0xfd59f000-0xfd59ffff irq 18 at device 4.0 on pci2
May  1 05:54:34 pfSense kernel: usbus1: EHCI version 1.0
May  1 05:54:34 pfSense kernel: usbus1 on ehci0
May  1 05:54:34 pfSense kernel: pcib3: <ACPI PCI-PCI bridge> at device 21.0 on pci0
May  1 05:54:34 pfSense kernel: pcib4: <ACPI PCI-PCI bridge> at device 21.1 on pci0
May  1 05:54:34 pfSense kernel: pcib5: <ACPI PCI-PCI bridge> at device 21.2 on pci0
May  1 05:54:34 pfSense kernel: pcib6: <ACPI PCI-PCI bridge> at device 21.3 on pci0
May  1 05:54:34 pfSense kernel: pcib7: <ACPI PCI-PCI bridge> at device 21.4 on pci0
May  1 05:54:34 pfSense kernel: pcib8: <ACPI PCI-PCI bridge> at device 21.5 on pci0
May  1 05:54:34 pfSense kernel: pcib9: <ACPI PCI-PCI bridge> at device 21.6 on pci0
May  1 05:54:34 pfSense kernel: pcib10: <ACPI PCI-PCI bridge> at device 21.7 on pci0
May  1 05:54:34 pfSense kernel: pcib11: <ACPI PCI-PCI bridge> at device 22.0 on pci0
May  1 05:54:34 pfSense kernel: pcib12: <ACPI PCI-PCI bridge> at device 22.1 on pci0
May  1 05:54:34 pfSense kernel: pcib13: <ACPI PCI-PCI bridge> at device 22.2 on pci0
May  1 05:54:34 pfSense kernel: pcib14: <ACPI PCI-PCI bridge> at device 22.3 on pci0
May  1 05:54:34 pfSense kernel: pcib15: <ACPI PCI-PCI bridge> at device 22.4 on pci0
May  1 05:54:34 pfSense kernel: pcib16: <ACPI PCI-PCI bridge> at device 22.5 on pci0
May  1 05:54:34 pfSense kernel: pcib17: <ACPI PCI-PCI bridge> at device 22.6 on pci0
May  1 05:54:34 pfSense kernel: pcib18: <ACPI PCI-PCI bridge> at device 22.7 on pci0
May  1 05:54:34 pfSense kernel: pcib19: <ACPI PCI-PCI bridge> at device 23.0 on pci0
May  1 05:54:34 pfSense kernel: pcib20: <ACPI PCI-PCI bridge> at device 23.1 on pci0
May  1 05:54:34 pfSense kernel: pcib21: <ACPI PCI-PCI bridge> at device 23.2 on pci0
May  1 05:54:34 pfSense kernel: pcib22: <ACPI PCI-PCI bridge> at device 23.3 on pci0
May  1 05:54:34 pfSense kernel: pcib23: <ACPI PCI-PCI bridge> at device 23.4 on pci0
May  1 05:54:34 pfSense kernel: pcib24: <ACPI PCI-PCI bridge> at device 23.5 on pci0
May  1 05:54:34 pfSense kernel: pcib25: <ACPI PCI-PCI bridge> at device 23.6 on pci0
May  1 05:54:34 pfSense kernel: pcib26: <ACPI PCI-PCI bridge> at device 23.7 on pci0
May  1 05:54:34 pfSense kernel: pcib27: <ACPI PCI-PCI bridge> at device 24.0 on pci0
May  1 05:54:34 pfSense kernel: pcib28: <ACPI PCI-PCI bridge> at device 24.1 on pci0
May  1 05:54:34 pfSense kernel: pcib29: <ACPI PCI-PCI bridge> at device 24.2 on pci0
May  1 05:54:34 pfSense kernel: pcib30: <ACPI PCI-PCI bridge> at device 24.3 on pci0
May  1 05:54:34 pfSense kernel: pcib31: <ACPI PCI-PCI bridge> at device 24.4 on pci0
May  1 05:54:34 pfSense kernel: pcib32: <ACPI PCI-PCI bridge> at device 24.5 on pci0
May  1 05:54:34 pfSense kernel: pcib33: <ACPI PCI-PCI bridge> at device 24.6 on pci0
May  1 05:54:34 pfSense kernel: pcib34: <ACPI PCI-PCI bridge> at device 24.7 on pci0
May  1 05:54:34 pfSense kernel: acpi_acad0: <AC Adapter> on acpi0
May  1 05:54:34 pfSense kernel: atkbdc0: <Keyboard controller (i8042)> port 0x60,0x64 irq 1 on acpi0
May  1 05:54:34 pfSense kernel: atkbd0: <AT Keyboard> irq 1 on atkbdc0
May  1 05:54:34 pfSense kernel: kbd0 at atkbd0
May  1 05:54:34 pfSense kernel: atkbd0: [GIANT-LOCKED]
May  1 05:54:34 pfSense kernel: psm0: <PS/2 Mouse> irq 12 on atkbdc0
May  1 05:54:34 pfSense kernel: psm0: [GIANT-LOCKED]
May  1 05:54:34 pfSense kernel: WARNING: Device "psm" is Giant locked and may be deleted before FreeBSD 14.0.
May  1 05:54:34 pfSense kernel: psm0: model IntelliMouse, device ID 3
May  1 05:54:34 pfSense kernel: acpi_syscontainer0: <System Container> on acpi0
May  1 05:54:34 pfSense kernel: orm0: <ISA Option ROMs> at iomem 0xc0000-0xc7fff,0xc8000-0xc9fff,0xca000-0xcafff,0xcb000-0xcbfff,0xdc000-0xdffff,0xe0000-0xe7fff pnpid ORM0000 on isa0
May  1 05:54:34 pfSense kernel: vga0: <Generic ISA VGA> at port 0x3c0-0x3df iomem 0xa0000-0xbffff pnpid PNP0900 on isa0
May  1 05:54:34 pfSense kernel: Timecounter "TSC-low" frequency 2096017500 Hz quality 1000
May  1 05:54:34 pfSense kernel: Timecounters tick every 10.000 msec
May  1 05:54:34 pfSense kernel: ZFS filesystem version: 5
May  1 05:54:34 pfSense kernel: ZFS storage pool version: features support (5000)
May  1 05:54:34 pfSense kernel: em0: link state changed to UP
May  1 05:54:34 pfSense kernel: em1: link state changed to UP
May  1 05:54:34 pfSense kernel: usbus0: 12Mbps Full Speed USB v1.0
May  1 05:54:34 pfSense kernel: usbus1: 480Mbps High Speed USB v2.0
May  1 05:54:34 pfSense kernel: ugen1.1: <VMware EHCI root HUB> at usbus1
May  1 05:54:34 pfSense kernel: uhub0 on usbus1
May  1 05:54:34 pfSense kernel: uhub0: <VMware EHCI root HUB, class 9/0, rev 2.00/1.00, addr 1> on usbus1
May  1 05:54:34 pfSense kernel: ugen0.1: <VMware UHCI root HUB> at usbus0
May  1 05:54:34 pfSense kernel: uhub1 on usbus0
May  1 05:54:34 pfSense kernel: uhub1: <VMware UHCI root HUB, class 9/0, rev 1.00/1.00, addr 1> on usbus0
May  1 05:54:34 pfSense kernel: Trying to mount root from ufs:/dev/ufsid/69f3fd10a58f77d7 [rw,noatime]...
May  1 05:54:34 pfSense kernel: uhub1: 2 ports with 2 removable, self powered
May  1 05:54:34 pfSense kernel: Root mount waiting for: CAM usbus0 usbus1
May  1 05:54:34 pfSense kernel: ugen0.2: <VMware VMware Virtual USB Mouse> at usbus0
May  1 05:54:34 pfSense kernel: uhid0 on uhub1
May  1 05:54:34 pfSense kernel: uhid0: <VMware> on usbus0
May  1 05:54:34 pfSense kernel: uhid1 on uhub1
May  1 05:54:34 pfSense kernel: uhid1: <VMware> on usbus0
May  1 05:54:34 pfSense kernel: ugen0.3: <VMware, Inc. VMware Virtual USB Hub> at usbus0
May  1 05:54:34 pfSense kernel: uhub2 on uhub1
May  1 05:54:34 pfSense kernel: uhub2: <VMware, Inc.> on usbus0
May  1 05:54:34 pfSense kernel: Root mount waiting for: CAM usbus0 usbus1
May  1 05:54:34 pfSense kernel: uhub0: 6 ports with 6 removable, self powered
May  1 05:54:34 pfSense kernel: uhub2: 7 ports with 7 removable, self powered
May  1 05:54:34 pfSense kernel: Root mount waiting for: CAM
May  1 05:54:34 pfSense kernel: Root mount waiting for: CAM
May  1 05:54:34 pfSense kernel: Root mount waiting for: CAM
May  1 05:54:34 pfSense kernel: Root mount waiting for: CAM
May  1 05:54:34 pfSense kernel: Root mount waiting for: CAM
May  1 05:54:34 pfSense kernel: Root mount waiting for: CAM
May  1 05:54:34 pfSense kernel: Root mount waiting for: CAM
May  1 05:54:34 pfSense kernel: cd0 at ata1 bus 0 scbus1 target 0 lun 0
May  1 05:54:34 pfSense kernel: cd0: <NECVMWar VMware IDE CDR10 1.00> Removable CD-ROM SCSI device
May  1 05:54:34 pfSense kernel: cd0: Serial Number 10000000000000000001
May  1 05:54:34 pfSense kernel: cd0: 33.300MB/s transfers (UDMA2, ATAPI 12bytes, PIO 65534bytes)
May  1 05:54:34 pfSense kernel: cd0: 834MB (427086 2048 byte sectors)
May  1 05:54:34 pfSense kernel: cd0: quirks=0x40<RETRY_BUSY>
May  1 05:54:34 pfSense kernel: da0 at mpt0 bus 0 scbus2 target 0 lun 0
May  1 05:54:34 pfSense kernel: da0: <VMware, VMware Virtual S 1.0> Fixed Direct Access SCSI-2 device
May  1 05:54:34 pfSense kernel: da0: 320.000MB/s transfers (160.000MHz, offset 127, 16bit)
May  1 05:54:34 pfSense kernel: da0: Command Queueing enabled
May  1 05:54:34 pfSense kernel: da0: 20480MB (41943040 512 byte sectors)
May  1 05:54:34 pfSense kernel: da0: quirks=0x140<RETRY_BUSY,STRICT_UNMAP>
May  1 05:54:34 pfSense kernel: WARNING: / was not properly dismounted
May  1 05:54:34 pfSense kernel: WARNING: /: mount pending error: blocks 16 files 0
May  1 05:54:34 pfSense kernel: CPU: AMD Ryzen 9 7950X3D 16-Core Processor           (4192.03-MHz K8-class CPU)
May  1 05:54:34 pfSense kernel:   Origin="AuthenticAMD"  Id=0xa60f12  Family=0x19  Model=0x61  Stepping=2
May  1 05:54:34 pfSense kernel:   Features=0x78bfbff<FPU,VME,DE,PSE,TSC,MSR,PAE,MCE,CX8,APIC,SEP,MTRR,PGE,MCA,CMOV,PAT,PSE36,CLFLUSH,MMX,FXSR,SSE,SSE2>
May  1 05:54:34 pfSense kernel:   Features2=0xfef83203<SSE3,PCLMULQDQ,SSSE3,FMA,CX16,SSE4.1,SSE4.2,x2APIC,MOVBE,POPCNT,AESNI,XSAVE,OSXSAVE,AVX,F16C,RDRAND,HV>
May  1 05:54:34 pfSense kernel:   AMD Features=0x2e500800<SYSCALL,NX,MMX+,FFXSR,Page1GB,RDTSCP,LM>
May  1 05:54:34 pfSense kernel:   AMD Features2=0x4002f1<LAHF,CR8,ABM,SSE4A,MAS,OSVW,Topology>
May  1 05:54:34 pfSense kernel:   Structured Extended Features=0xf1bf07ab<FSGSBASE,TSCADJ,BMI1,AVX2,SMEP,BMI2,ERMS,INVPCID,AVX512F,AVX512DQ,RDSEED,ADX,SMAP,AVX512IFMA,CLFLUSHOPT,CLWB,AVX512CD,SHA,AVX512BW,AVX512VL>
May  1 05:54:34 pfSense kernel:   Structured Extended Features2=0x405f46<AVX512VBMI,UMIP,AVX512VBMI2,GFNI,VAES,VPCLMULQDQ,AVX512VNNI,AVX512BITALG,AVX512VPOPCNTDQ,RDPID>
May  1 05:54:34 pfSense kernel:   Structured Extended Features3=0x10<FSRM>
May  1 05:54:34 pfSense kernel:   XSAVE Features=0xf<XSAVEOPT,XSAVEC,XINUSE,XSAVES>
May  1 05:54:34 pfSense kernel:   AMD Extended Feature Extensions ID EBX=0x10001001<CLZERO,IBPB>
May  1 05:54:34 pfSense kernel:   TSC: P-state invariant
May  1 05:54:34 pfSense kernel: Hypervisor: Origin = "VMwareVMware"
May  1 05:54:34 pfSense kernel: intsmb0: <Intel PIIX4 SMBUS Interface> port 0x1040-0x104f at device 7.3 on pci0
May  1 05:54:34 pfSense kernel: intsmb0: intr SMI disabled revision 0
May  1 05:54:34 pfSense kernel: smbus0: <System Management Bus> on intsmb0
May  1 05:54:34 pfSense kernel: lo0: link state changed to UP
May  1 05:54:36 pfSense kernel: done.
May  1 05:54:37 pfSense check_reload_status[430]: rc.newwanip starting em0
May  1 05:54:38 pfSense kernel: done.
May  1 05:54:38 pfSense php-fpm[391]: /rc.newwanip: rc.newwanip: Info: starting on em0.
May  1 05:54:38 pfSense php-fpm[391]: /rc.newwanip: rc.newwanip: on (IP address: 192.168.19.133) (interface: WAN[wan]) (real interface: em0).
May  1 05:54:39 pfSense check_reload_status[430]: rc.newwanip starting em0
May  1 05:54:39 pfSense php-cgi[450]: rc.bootup: calling interface_dhcpv6_configure.
May  1 05:54:39 pfSense php-cgi[450]: rc.bootup: Accept router advertisements on interface em0 
May  1 05:54:39 pfSense php-cgi[450]: rc.bootup: Starting DHCP6 client for interfaces em0 in DHCP6 without RA mode
May  1 05:54:39 pfSense php-cgi[450]: rc.bootup: Starting rtsold process on wan(em0)
May  1 05:54:40 pfSense php-fpm[390]: /rc.newwanip: rc.newwanip: Info: starting on em0.
May  1 05:54:40 pfSense php-fpm[390]: /rc.newwanip: rc.newwanip: on (IP address: 192.168.19.133) (interface: WAN[wan]) (real interface: em0).
May  1 05:54:41 pfSense kernel: done.
May  1 05:54:42 pfSense php-cgi[450]: rc.bootup: Resyncing OpenVPN instances.
May  1 05:54:42 pfSense kernel: done.
May  1 05:54:42 pfSense kernel: pflog0: promiscuous mode enabled
May  1 05:54:43 pfSense kernel: done.
May  1 05:54:43 pfSense kernel: done.
May  1 05:54:43 pfSense php-cgi[450]: rc.bootup: Gateway, NONE AVAILABLE
May  1 05:54:43 pfSense php-cgi[450]: rc.bootup: Gateway, none 'available' for inet6, use the first one configured. 'WAN_DHCP6'
May  1 05:54:43 pfSense kernel: done.
May  1 05:54:43 pfSense php-cgi[450]: rc.bootup: Unbound start waiting on dhcp6c.
May  1 05:54:44 pfSense php-cgi[450]: rc.bootup: Unbound start waiting on dhcp6c.
May  1 05:54:45 pfSense php-cgi[450]: rc.bootup: Unbound start waiting on dhcp6c.
May  1 05:54:46 pfSense php-cgi[450]: rc.bootup: Unbound start waiting on dhcp6c.
May  1 05:54:48 pfSense php-cgi[450]: rc.bootup: Unbound start waiting on dhcp6c.
May  1 05:54:49 pfSense php-cgi[450]: rc.bootup: Unbound start waiting on dhcp6c.
May  1 05:54:50 pfSense php-cgi[450]: rc.bootup: Unbound start waiting on dhcp6c.
May  1 05:54:51 pfSense php-cgi[450]: rc.bootup: Unbound start waiting on dhcp6c.
May  1 05:54:52 pfSense php-cgi[450]: rc.bootup: Unbound start waiting on dhcp6c.
May  1 05:54:53 pfSense php-cgi[450]: rc.bootup: Unbound start waiting on dhcp6c.
May  1 05:54:54 pfSense php-cgi[450]: rc.bootup: sync unbound done.
May  1 05:54:54 pfSense kernel: done.
May  1 05:54:54 pfSense kernel: done.
May  1 05:55:01 pfSense kernel: done.
May  1 05:55:01 pfSense php-cgi[450]: rc.bootup: NTPD is starting up.
May  1 05:55:01 pfSense kernel: done.
May  1 05:55:02 pfSense kernel: done.
May  1 05:55:02 pfSense kernel: done.
May  1 05:55:02 pfSense check_reload_status[430]: Updating all dyndns
May  1 05:55:03 pfSense php-cgi[450]: rc.bootup: The command '/usr/local/sbin/strongswanrc stop' returned exit code '1', the output was 'strongswan not running? (check /var/run/daemon-charon.pid).' 
May  1 05:55:03 pfSense kernel: done.
May  1 05:55:07 pfSense php-cgi[450]: rc.bootup: Creating rrd update script
May  1 05:55:07 pfSense syslogd: exiting on signal 15
May  1 05:55:07 pfSense syslogd: kernel boot file is /boot/kernel/kernel
May  1 05:55:07 pfSense kernel: done.
May  1 05:55:07 pfSense kernel: done.
May  1 05:55:07 pfSense php-fpm[391]: /rc.start_packages: Restarting/Starting all packages.
May  1 05:55:07 pfSense root[86350]: Bootup complete
May  1 05:55:07 pfSense login[88301]: login on ttyv0 as root
May  1 05:55:07 pfSense sshguard[91810]: Now monitoring attacks.
May  1 06:07:55 pfSense php-cgi[32550]: rc.initial.setlanip: Configuration Change: (system): lan IP configuration from console menu
May  1 06:07:55 pfSense check_reload_status[430]: Syncing firewall
May  1 06:07:56 pfSense php-cgi[32550]: rc.initial.setlanip: Gateway, NONE AVAILABLE
May  1 06:07:56 pfSense php-cgi[32550]: rc.initial.setlanip: Gateway, none 'available' for inet6, use the first one configured. 'WAN_DHCP6'
May  1 06:07:56 pfSense php-cgi[32550]: rc.initial.setlanip: Shutting down Router Advertisement daemon cleanly
May  1 06:14:23 pfSense kernel: em0: link state changed to DOWN
May  1 06:14:23 pfSense check_reload_status[430]: Linkup starting em0
May  1 06:14:24 pfSense php-fpm[391]: /rc.linkup: Hotplug event detected for WAN(wan) dynamic IP address (4: dhcp, 6: dhcp6)
May  1 06:14:24 pfSense php-fpm[391]: /rc.linkup: DEVD Ethernet detached event for wan
May  1 06:14:27 pfSense check_reload_status[430]: Reloading filter
May  1 06:14:27 pfSense rc.gateway_alarm[30662]: >>> Gateway alarm: WAN_DHCP (Addr:192.168.19.2 Alarm:down RTT:0ms RTTsd:0ms Loss:100%)
May  1 06:14:27 pfSense check_reload_status[430]: updating dyndns WAN_DHCP
May  1 06:14:27 pfSense check_reload_status[430]: Restarting IPsec tunnels
May  1 06:14:27 pfSense check_reload_status[430]: Restarting OpenVPN tunnels/interfaces
May  1 06:14:27 pfSense check_reload_status[430]: Reloading filter
May  1 06:14:28 pfSense check_reload_status[430]: Linkup starting em0
May  1 06:14:28 pfSense kernel: em0: link state changed to UP
May  1 06:14:29 pfSense php-fpm[390]: /rc.linkup: Hotplug event detected for WAN(wan) dynamic IP address (4: dhcp, 6: dhcp6)
May  1 06:14:29 pfSense php-fpm[390]: /rc.linkup: DEVD Ethernet attached event for wan
May  1 06:14:29 pfSense php-fpm[390]: /rc.linkup: HOTPLUG: Configuring interface wan
May  1 06:14:29 pfSense check_reload_status[430]: rc.newwanip starting em0
May  1 06:14:29 pfSense php-fpm[390]: /rc.linkup: calling interface_dhcpv6_configure.
May  1 06:14:29 pfSense php-fpm[390]: /rc.linkup: Accept router advertisements on interface em0 
May  1 06:14:29 pfSense php-fpm[390]: /rc.linkup: Starting DHCP6 client for interfaces em0 in DHCP6 without RA mode
May  1 06:14:29 pfSense php-fpm[390]: /rc.linkup: Starting rtsold process on wan(em0)
May  1 06:14:31 pfSense php-fpm[391]: /rc.newwanip: rc.newwanip: Info: starting on em0.
May  1 06:14:31 pfSense php-fpm[391]: /rc.newwanip: rc.newwanip: on (IP address: 192.168.19.133) (interface: WAN[wan]) (real interface: em0).
May  1 06:14:31 pfSense php-fpm[391]: /rc.newwanip: Gateway, NONE AVAILABLE
May  1 06:14:31 pfSense php-fpm[391]: /rc.newwanip: Gateway, none 'available' for inet6, use the first one configured. 'WAN_DHCP6'
May  1 06:14:31 pfSense php-fpm[391]: /rc.newwanip: IP Address has changed, killing states on former IP Address 0.0.0.0.
May  1 06:14:31 pfSense php-fpm[391]: /rc.newwanip: Resyncing OpenVPN instances for interface WAN.
May  1 06:14:31 pfSense php-fpm[391]: /rc.newwanip: Creating rrd update script
May  1 06:14:32 pfSense php-fpm[390]: /rc.linkup: Gateway, NONE AVAILABLE
May  1 06:14:32 pfSense php-fpm[390]: /rc.linkup: Gateway, none 'available' for inet6, use the first one configured. 'WAN_DHCP6'
May  1 06:14:32 pfSense check_reload_status[430]: Restarting IPsec tunnels
May  1 06:14:32 pfSense check_reload_status[430]: updating dyndns wan
May  1 06:14:32 pfSense check_reload_status[430]: Reloading filter
May  1 06:14:33 pfSense php-fpm[391]: /rc.newwanip: pfSense package system has detected an IP change or dynamic WAN reconnection - 0.0.0.0 ->  192.168.19.133 - Restarting packages.
May  1 06:14:33 pfSense check_reload_status[430]: Starting packages
May  1 06:14:33 pfSense check_reload_status[430]: Reloading filter
May  1 06:14:34 pfSense php-fpm[390]: /rc.start_packages: Restarting/Starting all packages.
May  1 06:14:56 pfSense php-fpm[391]: /index.php: webConfigurator authentication error for user 'XXXX' from: 192.168.100.200
May  1 06:14:56 pfSense sshguard[91810]: Attack from "192.168.100.200" on service unknown service with danger 10.
May  1 06:15:55 pfSense php-fpm[391]: /index.php: webConfigurator authentication error for user 'XXXX' from: 192.168.100.200
May  1 06:15:55 pfSense sshguard[91810]: Attack from "192.168.100.200" on service unknown service with danger 10.
May  1 06:16:04 pfSense php-fpm[391]: /index.php: webConfigurator authentication error for user 'XXXX' from: 192.168.100.200
May  1 06:16:04 pfSense sshguard[91810]: Attack from "192.168.100.200" on service unknown service with danger 10.
May  1 06:16:04 pfSense sshguard[91810]: Blocking "192.168.100.200/32" for 120 secs (3 attacks in 68 secs, after 1 abuses over 68 secs.)
May  1 06:17:14 pfSense nginx: 2026/05/01 06:17:14 [crit] 13687#100187: *5 SSL_write() failed (13: Permission denied) while processing HTTP/2 connection, client: 192.168.100.200, server: 0.0.0.0:443
May  1 06:18:58 pfSense sshguard[91810]: 192.168.100.200: unblocking after 174 secs
May  1 06:19:39 pfSense php-cgi[86823]: rc.restart_webgui: Creating rrd update script
May  1 06:20:05 pfSense php-fpm[391]: /index.php: Successful login for user 'admin' from: 192.168.100.200 (Local Database)
May  1 06:20:48 pfSense php-fpm[391]: /wizard.php: Configuration Change: admin@192.168.100.200 (Local Database): Configuration changed via the wizard subsystem.
May  1 06:20:48 pfSense check_reload_status[430]: Syncing firewall
May  1 06:21:17 pfSense php-fpm[391]: /wizard.php: Configuration Change: admin@192.168.100.200 (Local Database): Configuration changed via the wizard subsystem.
May  1 06:21:17 pfSense check_reload_status[430]: Syncing firewall
May  1 06:23:16 pfSense php-fpm[391]: /wizard.php: Configuration Change: admin@192.168.100.200 (Local Database): Configuration changed via the wizard subsystem.
May  1 06:23:16 pfSense check_reload_status[430]: Syncing firewall
May  1 06:24:09 pfSense php-fpm[391]: /wizard.php: Configuration Change: admin@192.168.100.200 (Local Database): Configuration changed via the wizard subsystem.
May  1 06:24:09 pfSense check_reload_status[430]: Syncing firewall
May  1 06:26:31 pfSense php-fpm[391]: /wizard.php: Configuration Change: admin@192.168.100.200 (Local Database): WAN interface configuration saved via pfSense setup wizard.
May  1 06:26:31 pfSense php-fpm[391]: /wizard.php: Configuration Change: admin@192.168.100.200 (Local Database): Configuration changed via the wizard subsystem.
May  1 06:26:31 pfSense check_reload_status[430]: Syncing firewall
May  1 06:26:31 pfSense check_reload_status[430]: Syncing firewall
May  1 06:26:46 pfSense php-fpm[391]: /wizard.php: Configuration Change: admin@192.168.100.200 (Local Database): Configuration changed via the wizard subsystem.
May  1 06:26:46 pfSense check_reload_status[430]: Syncing firewall
May  1 06:27:04 pfSense php-fpm[391]: /wizard.php: Configuration Change: admin@192.168.100.200 (Local Database): Admin WebGUI password saved via pfSense setup wizard.
May  1 06:27:04 pfSense php-fpm[391]: /wizard.php: Configuration Change: admin@192.168.100.200 (Local Database): Configuration changed via the wizard subsystem.
May  1 06:27:04 pfSense check_reload_status[430]: Syncing firewall
May  1 06:27:04 pfSense check_reload_status[430]: Syncing firewall
May  1 06:27:07 pfSense php-fpm[391]: /wizard.php: Configuration Change: admin@192.168.100.200 (Local Database): Configuration changed via the wizard subsystem.
May  1 06:27:07 pfSense check_reload_status[430]: Syncing firewall
May  1 06:27:07 pfSense php-fpm[391]: /wizard.php: Configuration Change: admin@192.168.100.200 (Local Database): Configuration saved on completion of the pfSense setup wizard.
May  1 06:27:07 pfSense check_reload_status[430]: Syncing firewall
May  1 06:27:07 pfSense check_reload_status[430]: Reloading all
May  1 06:27:07 pfSense root[75407]: rc.update_bogons.sh is starting up.
May  1 06:27:07 pfSense root[76071]: rc.update_bogons.sh is beginning the update cycle.
May  1 06:27:08 pfSense php-fpm[391]: /rc.reload_all: rc.reload_all: Reloading all configuration settings.
May  1 06:27:08 pfSense check_reload_status[430]: rc.newwanip starting em0
May  1 06:27:08 pfSense php-fpm[391]: /rc.reload_all: calling interface_dhcpv6_configure.
May  1 06:27:08 pfSense php-fpm[391]: /rc.reload_all: Accept router advertisements on interface em0 
May  1 06:27:08 pfSense php-fpm[391]: /rc.reload_all: Starting rtsold process on wan(em0)
May  1 06:27:09 pfSense php-fpm[390]: /rc.newwanip: rc.newwanip: Info: starting on em0.
May  1 06:27:09 pfSense php-fpm[390]: /rc.newwanip: rc.newwanip: on (IP address: 192.168.19.133) (interface: WAN[wan]) (real interface: em0).
May  1 06:27:09 pfSense php-fpm[390]: /rc.newwanip: Gateway, NONE AVAILABLE
May  1 06:27:09 pfSense php-fpm[390]: /rc.newwanip: Gateway, none 'available' for inet6, use the first one configured. 'WAN_DHCP6'
May  1 06:27:09 pfSense php-fpm[390]: /rc.newwanip: IP Address has changed, killing states on former IP Address 0.0.0.0.
May  1 06:27:09 pfSense php-fpm[390]: /rc.newwanip: Resyncing OpenVPN instances for interface WAN.
May  1 06:27:09 pfSense php-fpm[390]: /rc.newwanip: Creating rrd update script
May  1 06:27:10 pfSense php-fpm[391]: /rc.reload_all: Gateway, NONE AVAILABLE
May  1 06:27:10 pfSense php-fpm[391]: /rc.reload_all: Gateway, none 'available' for inet6, use the first one configured. 'WAN_DHCP6'
May  1 06:27:10 pfSense check_reload_status[430]: Restarting IPsec tunnels
May  1 06:27:10 pfSense check_reload_status[430]: updating dyndns wan
May  1 06:27:10 pfSense php-fpm[391]: /rc.reload_all: Gateway, NONE AVAILABLE
May  1 06:27:10 pfSense php-fpm[391]: /rc.reload_all: Gateway, none 'available' for inet6, use the first one configured. 'WAN_DHCP6'
May  1 06:27:10 pfSense check_reload_status[430]: Restarting IPsec tunnels
May  1 06:27:10 pfSense check_reload_status[430]: updating dyndns lan
May  1 06:27:10 pfSense php-fpm[391]: /rc.reload_all: Gateway, NONE AVAILABLE
May  1 06:27:10 pfSense php-fpm[391]: /rc.reload_all: Gateway, none 'available' for inet6, use the first one configured. 'WAN_DHCP6'
May  1 06:27:10 pfSense check_reload_status[430]: Reloading filter
May  1 06:27:10 pfSense php-fpm[391]: /rc.reload_all: The command '/usr/local/sbin/strongswanrc stop' returned exit code '1', the output was 'strongswan not running? (check /var/run/daemon-charon.pid).' 
May  1 06:27:11 pfSense php-fpm[390]: /rc.newwanip: pfSense package system has detected an IP change or dynamic WAN reconnection - 0.0.0.0 ->  192.168.19.133 - Restarting packages.
May  1 06:27:11 pfSense check_reload_status[430]: Starting packages
May  1 06:27:11 pfSense check_reload_status[430]: Reloading filter
May  1 06:27:12 pfSense php-fpm[391]: /rc.reload_all: NTPD is starting up.
May  1 06:27:12 pfSense check_reload_status[430]: starting sshd
May  1 06:27:12 pfSense check_reload_status[430]: webConfigurator restart in progress
May  1 06:27:13 pfSense php-fpm[390]: /rc.start_packages: Restarting/Starting all packages.
May  1 06:27:14 pfSense php-fpm[391]: /rc.reload_all: rc.reload_all: Reloading filter configuration.
May  1 06:27:14 pfSense php-fpm[390]: /rc.restart_webgui: Creating rrd update script
May  1 02:27:15 pfSense root[75007]: Bogons V4 file downloaded: 2918 addresses added.
May  1 02:27:15 pfSense root[79114]: Bogons V6 file downloaded: 156436 addresses added.
May  1 02:27:15 pfSense root[79819]: rc.update_bogons.sh is ending the update cycle.
May  1 02:54:34 pfsense syslogd: kernel boot file is /boot/kernel/kernel
May  1 02:54:34 pfsense kernel: ---<<BOOT>>---
May  1 02:54:34 pfsense kernel: Copyright (c) 1992-2023 The FreeBSD Project.
May  1 02:54:34 pfsense kernel: Copyright (c) 1979, 1980, 1983, 1986, 1988, 1989, 1991, 1992, 1993, 1994
May  1 02:54:34 pfsense kernel: 	The Regents of the University of California. All rights reserved.
May  1 02:54:34 pfsense kernel: FreeBSD is a registered trademark of The FreeBSD Foundation.
May  1 02:54:34 pfsense kernel: FreeBSD 14.0-CURRENT amd64 1400094 #1 RELENG_2_7_2-n255948-8d2b56da39c: Wed Dec  6 20:45:47 UTC 2023
May  1 02:54:34 pfsense kernel:     root@freebsd:/var/jenkins/workspace/pfSense-CE-snapshots-2_7_2-main/obj/amd64/StdASW5b/var/jenkins/workspace/pfSense-CE-snapshots-2_7_2-main/sources/FreeBSD-src-RELENG_2_7_2/amd64.amd64/sys/pfSense amd64
May  1 02:54:34 pfsense kernel: FreeBSD clang version 16.0.6 (https://github.com/llvm/llvm-project.git llvmorg-16.0.6-0-g7cbf1a259152)
May  1 02:54:34 pfsense kernel: VT(vga): text 80x25
May  1 02:54:34 pfsense kernel: CPU: AMD Ryzen 9 7950X3D 16-Core Processor           (4192.02-MHz K8-class CPU)
May  1 02:54:34 pfsense kernel:   Origin="AuthenticAMD"  Id=0xa60f12  Family=0x19  Model=0x61  Stepping=2
May  1 02:54:34 pfsense kernel:   Features=0x783fbff<FPU,VME,DE,PSE,TSC,MSR,PAE,MCE,CX8,APIC,SEP,MTRR,PGE,MCA,CMOV,PAT,PSE36,MMX,FXSR,SSE,SSE2>
May  1 02:54:34 pfsense kernel:   Features2=0xfef83203<SSE3,PCLMULQDQ,SSSE3,FMA,CX16,SSE4.1,SSE4.2,x2APIC,MOVBE,POPCNT,AESNI,XSAVE,OSXSAVE,AVX,F16C,RDRAND,HV>
May  1 02:54:34 pfsense kernel:   AMD Features=0x2e500800<SYSCALL,NX,MMX+,FFXSR,Page1GB,RDTSCP,LM>
May  1 02:54:34 pfsense kernel:   AMD Features2=0x4002f1<LAHF,CR8,ABM,SSE4A,MAS,OSVW,Topology>
May  1 02:54:34 pfsense kernel:   Structured Extended Features=0xf1bf07ab<FSGSBASE,TSCADJ,BMI1,AVX2,SMEP,BMI2,ERMS,INVPCID,AVX512F,AVX512DQ,RDSEED,ADX,SMAP,AVX512IFMA,CLFLUSHOPT,CLWB,AVX512CD,SHA,AVX512BW,AVX512VL>
May  1 02:54:34 pfsense kernel:   Structured Extended Features2=0x405f46<AVX512VBMI,UMIP,AVX512VBMI2,GFNI,VAES,VPCLMULQDQ,AVX512VNNI,AVX512BITALG,AVX512VPOPCNTDQ,RDPID>
May  1 02:54:34 pfsense kernel:   Structured Extended Features3=0x10<FSRM>
May  1 02:54:34 pfsense kernel:   XSAVE Features=0xf<XSAVEOPT,XSAVEC,XINUSE,XSAVES>
May  1 02:54:34 pfsense kernel:   AMD Extended Feature Extensions ID EBX=0x10001001<CLZERO,IBPB>
May  1 02:54:34 pfsense kernel:   TSC: P-state invariant
May  1 02:54:34 pfsense kernel: Hypervisor: Origin = "VMwareVMware"
May  1 02:54:34 pfsense kernel: real memory  = 1073741824 (1024 MB)
May  1 02:54:34 pfsense kernel: avail memory = 973459456 (928 MB)
May  1 02:54:34 pfsense kernel: Event timer "LAPIC" quality 600
May  1 02:54:34 pfsense kernel: ACPI APIC Table: <PTLTD  	 APIC  >
May  1 02:54:34 pfsense kernel: random: registering fast source Intel Secure Key RNG
May  1 02:54:34 pfsense kernel: random: fast provider: "Intel Secure Key RNG"
May  1 02:54:34 pfsense kernel: random: unblocking device.
May  1 02:54:34 pfsense kernel: MADT: Forcing active-low polarity and level trigger for SCI
May  1 02:54:34 pfsense kernel: ioapic0 <Version 2.0> irqs 0-23
May  1 02:54:34 pfsense kernel: TCP_ratelimit: Is now initialized
May  1 02:54:34 pfsense kernel: wlan: mac acl policy registered
May  1 02:54:34 pfsense kernel: ipw_bss: You need to read the LICENSE file in /usr/share/doc/legal/intel_ipw.LICENSE.
May  1 02:54:34 pfsense kernel: ipw_bss: If you agree with the license, set legal.intel_ipw.license_ack=1 in /boot/loader.conf.
May  1 02:54:34 pfsense kernel: module_register_init: MOD_LOAD (ipw_bss_fw, 0xffffffff807475a0, 0) error 1
May  1 02:54:34 pfsense kernel: ipw_ibss: You need to read the LICENSE file in /usr/share/doc/legal/intel_ipw.LICENSE.
May  1 02:54:34 pfsense kernel: ipw_ibss: If you agree with the license, set legal.intel_ipw.license_ack=1 in /boot/loader.conf.
May  1 02:54:34 pfsense kernel: module_register_init: MOD_LOAD (ipw_ibss_fw, 0xffffffff80747650, 0) error 1
May  1 02:54:34 pfsense kernel: ipw_monitor: You need to read the LICENSE file in /usr/share/doc/legal/intel_ipw.LICENSE.
May  1 02:54:34 pfsense kernel: ipw_monitor: If you agree with the license, set legal.intel_ipw.license_ack=1 in /boot/loader.conf.
May  1 02:54:34 pfsense kernel: module_register_init: MOD_LOAD (ipw_monitor_fw, 0xffffffff80747700, 0) error 1
May  1 02:54:34 pfsense kernel: iwi_bss: You need to read the LICENSE file in /usr/share/doc/legal/intel_iwi.LICENSE.
May  1 02:54:34 pfsense kernel: iwi_bss: If you agree with the license, set legal.intel_iwi.license_ack=1 in /boot/loader.conf.
May  1 02:54:34 pfsense kernel: module_register_init: MOD_LOAD (iwi_bss_fw, 0xffffffff80765180, 0) error 1
May  1 02:54:34 pfsense kernel: iwi_ibss: You need to read the LICENSE file in /usr/share/doc/legal/intel_iwi.LICENSE.
May  1 02:54:34 pfsense kernel: iwi_ibss: If you agree with the license, set legal.intel_iwi.license_ack=1 in /boot/loader.conf.
May  1 02:54:34 pfsense kernel: module_register_init: MOD_LOAD (iwi_ibss_fw, 0xffffffff80765230, 0) error 1
May  1 02:54:34 pfsense kernel: iwi_monitor: You need to read the LICENSE file in /usr/share/doc/legal/intel_iwi.LICENSE.
May  1 02:54:34 pfsense kernel: iwi_monitor: If you agree with the license, set legal.intel_iwi.license_ack=1 in /boot/loader.conf.
May  1 02:54:34 pfsense kernel: module_register_init: MOD_LOAD (iwi_monitor_fw, 0xffffffff807652e0, 0) error 1
May  1 02:54:34 pfsense kernel: random: entropy device external interface
May  1 02:54:34 pfsense kernel: kbd1 at kbdmux0
May  1 02:54:34 pfsense kernel: WARNING: Device "spkr" is Giant locked and may be deleted before FreeBSD 14.0.
May  1 02:54:34 pfsense kernel: netgate0: <VMware Virtual Machine>
May  1 02:54:34 pfsense kernel: vtvga0: <VT VGA driver>
May  1 02:54:34 pfsense kernel: smbios0: <System Management BIOS> at iomem 0xf69b0-0xf69ce
May  1 02:54:34 pfsense kernel: smbios0: Version: 2.7
May  1 02:54:34 pfsense kernel: acpi0: <INTEL 440BX>
May  1 02:54:34 pfsense kernel: acpi0: Power Button (fixed)
May  1 02:54:34 pfsense kernel: hpet0: <High Precision Event Timer> iomem 0xfed00000-0xfed003ff on acpi0
May  1 02:54:34 pfsense kernel: Timecounter "HPET" frequency 14318180 Hz quality 950
May  1 02:54:34 pfsense kernel: cpu0: <ACPI CPU> numa-domain 0 on acpi0
May  1 02:54:34 pfsense kernel: attimer0: <AT timer> port 0x40-0x43 irq 0 on acpi0
May  1 02:54:34 pfsense kernel: Timecounter "i8254" frequency 1193182 Hz quality 0
May  1 02:54:34 pfsense kernel: Event timer "i8254" frequency 1193182 Hz quality 100
May  1 02:54:34 pfsense kernel: atrtc0: <AT realtime clock> port 0x70-0x71 irq 8 on acpi0
May  1 02:54:34 pfsense kernel: atrtc0: registered as a time-of-day clock, resolution 1.000000s
May  1 02:54:34 pfsense kernel: Event timer "RTC" frequency 32768 Hz quality 0
May  1 02:54:34 pfsense kernel: Timecounter "ACPI-fast" frequency 3579545 Hz quality 900
May  1 02:54:34 pfsense kernel: acpi_timer0: <24-bit timer at 3.579545MHz> port 0x1008-0x100b on acpi0
May  1 02:54:34 pfsense kernel: pcib0: <ACPI Host-PCI bridge> port 0xcf8-0xcff on acpi0
May  1 02:54:34 pfsense kernel: pci0: <ACPI PCI bus> on pcib0
May  1 02:54:34 pfsense kernel: pcib1: <ACPI PCI-PCI bridge> at device 1.0 on pci0
May  1 02:54:34 pfsense kernel: pci1: <ACPI PCI bus> on pcib1
May  1 02:54:34 pfsense kernel: isab0: <PCI-ISA bridge> at device 7.0 on pci0
May  1 02:54:34 pfsense kernel: isa0: <ISA bus> on isab0
May  1 02:54:34 pfsense kernel: atapci0: <Intel PIIX4 UDMA33 controller> port 0x1f0-0x1f7,0x3f6,0x170-0x177,0x376,0x1060-0x106f at device 7.1 on pci0
May  1 02:54:34 pfsense kernel: ata0: <ATA channel> at channel 0 on atapci0
May  1 02:54:34 pfsense kernel: ata1: <ATA channel> at channel 1 on atapci0
May  1 02:54:34 pfsense kernel: pci0: <bridge> at device 7.3 (no driver attached)
May  1 02:54:34 pfsense kernel: vgapci0: <VGA-compatible display> port 0x1070-0x107f mem 0xe8000000-0xefffffff,0xfe000000-0xfe7fffff irq 16 at device 15.0 on pci0
May  1 02:54:34 pfsense kernel: vgapci0: Boot video device
May  1 02:54:34 pfsense kernel: mpt0: <LSILogic 1030 Ultra4 Adapter> port 0x1400-0x14ff mem 0xfeb80000-0xfeb9ffff,0xfeba0000-0xfebbffff irq 17 at device 16.0 on pci0
May  1 02:54:34 pfsense kernel: mpt0: MPI Version=1.2.0.0
May  1 02:54:34 pfsense kernel: pcib2: <ACPI PCI-PCI bridge> at device 17.0 on pci0
May  1 02:54:34 pfsense kernel: pci2: <ACPI PCI bus> on pcib2
May  1 02:54:34 pfsense kernel: uhci0: <VMware USB controller> port 0x20c0-0x20df irq 18 at device 0.0 on pci2
May  1 02:54:34 pfsense kernel: usbus0 on uhci0
May  1 02:54:34 pfsense kernel: em0: <Intel(R) Legacy PRO/1000 MT 82545EM (Copper)> port 0x2000-0x203f mem 0xfd5c0000-0xfd5dffff,0xfdff0000-0xfdffffff irq 19 at device 1.0 on pci2
May  1 02:54:34 pfsense kernel: em0: EEPROM V15.255-15
May  1 02:54:34 pfsense kernel: em0: Using 1024 TX descriptors and 1024 RX descriptors
May  1 02:54:34 pfsense kernel: em0: Ethernet address: XX:XX:XX:XX:XX:XX
May  1 02:54:34 pfsense kernel: em0: netmap queues/slots: TX 1/1024, RX 1/1024
May  1 02:54:34 pfsense kernel: em1: <Intel(R) Legacy PRO/1000 MT 82545EM (Copper)> port 0x2040-0x207f mem 0xfd5a0000-0xfd5bffff,0xfdfe0000-0xfdfeffff irq 16 at device 2.0 on pci2
May  1 02:54:34 pfsense kernel: em1: EEPROM V15.255-15
May  1 02:54:34 pfsense kernel: em1: Using 1024 TX descriptors and 1024 RX descriptors
May  1 02:54:34 pfsense kernel: em1: Ethernet address: XX:XX:XX:XX:XX:XX
May  1 02:54:34 pfsense kernel: em1: netmap queues/slots: TX 1/1024, RX 1/1024
May  1 02:54:34 pfsense kernel: pcm0: <AudioPCI ES1371-A> port 0x2080-0x20bf irq 17 at device 3.0 on pci2
May  1 02:54:34 pfsense kernel: pcm0: <Cirrus Logic CS4297A AC97 Codec>
May  1 02:54:34 pfsense kernel: pcm0: <Playback: DAC1,DAC2 / Record: ADC>
May  1 02:54:34 pfsense kernel: ehci0: <VMware USB 2.0 controller> mem 0xfd59f000-0xfd59ffff irq 18 at device 4.0 on pci2
May  1 02:54:34 pfsense kernel: usbus1: EHCI version 1.0
May  1 02:54:34 pfsense kernel: usbus1 on ehci0
May  1 02:54:34 pfsense kernel: pcib3: <ACPI PCI-PCI bridge> at device 21.0 on pci0
May  1 02:54:34 pfsense kernel: pcib4: <ACPI PCI-PCI bridge> at device 21.1 on pci0
May  1 02:54:34 pfsense kernel: pcib5: <ACPI PCI-PCI bridge> at device 21.2 on pci0
May  1 02:54:34 pfsense kernel: pcib6: <ACPI PCI-PCI bridge> at device 21.3 on pci0
May  1 02:54:34 pfsense kernel: pcib7: <ACPI PCI-PCI bridge> at device 21.4 on pci0
May  1 02:54:34 pfsense kernel: pcib8: <ACPI PCI-PCI bridge> at device 21.5 on pci0
May  1 02:54:34 pfsense kernel: pcib9: <ACPI PCI-PCI bridge> at device 21.6 on pci0
May  1 02:54:34 pfsense kernel: pcib10: <ACPI PCI-PCI bridge> at device 21.7 on pci0
May  1 02:54:34 pfsense kernel: pcib11: <ACPI PCI-PCI bridge> at device 22.0 on pci0
May  1 02:54:34 pfsense kernel: pcib12: <ACPI PCI-PCI bridge> at device 22.1 on pci0
May  1 02:54:34 pfsense kernel: pcib13: <ACPI PCI-PCI bridge> at device 22.2 on pci0
May  1 02:54:34 pfsense kernel: pcib14: <ACPI PCI-PCI bridge> at device 22.3 on pci0
May  1 02:54:34 pfsense kernel: pcib15: <ACPI PCI-PCI bridge> at device 22.4 on pci0
May  1 02:54:34 pfsense kernel: pcib16: <ACPI PCI-PCI bridge> at device 22.5 on pci0
May  1 02:54:34 pfsense kernel: pcib17: <ACPI PCI-PCI bridge> at device 22.6 on pci0
May  1 02:54:34 pfsense kernel: pcib18: <ACPI PCI-PCI bridge> at device 22.7 on pci0
May  1 02:54:34 pfsense kernel: pcib19: <ACPI PCI-PCI bridge> at device 23.0 on pci0
May  1 02:54:34 pfsense kernel: pcib20: <ACPI PCI-PCI bridge> at device 23.1 on pci0
May  1 02:54:34 pfsense kernel: pcib21: <ACPI PCI-PCI bridge> at device 23.2 on pci0
May  1 02:54:34 pfsense kernel: pcib22: <ACPI PCI-PCI bridge> at device 23.3 on pci0
May  1 02:54:34 pfsense kernel: pcib23: <ACPI PCI-PCI bridge> at device 23.4 on pci0
May  1 02:54:34 pfsense kernel: pcib24: <ACPI PCI-PCI bridge> at device 23.5 on pci0
May  1 02:54:34 pfsense kernel: pcib25: <ACPI PCI-PCI bridge> at device 23.6 on pci0
May  1 02:54:34 pfsense kernel: pcib26: <ACPI PCI-PCI bridge> at device 23.7 on pci0
May  1 02:54:34 pfsense kernel: pcib27: <ACPI PCI-PCI bridge> at device 24.0 on pci0
May  1 02:54:34 pfsense kernel: pcib28: <ACPI PCI-PCI bridge> at device 24.1 on pci0
May  1 02:54:34 pfsense kernel: pcib29: <ACPI PCI-PCI bridge> at device 24.2 on pci0
May  1 02:54:34 pfsense kernel: pcib30: <ACPI PCI-PCI bridge> at device 24.3 on pci0
May  1 02:54:34 pfsense kernel: pcib31: <ACPI PCI-PCI bridge> at device 24.4 on pci0
May  1 02:54:34 pfsense kernel: pcib32: <ACPI PCI-PCI bridge> at device 24.5 on pci0
May  1 02:54:34 pfsense kernel: pcib33: <ACPI PCI-PCI bridge> at device 24.6 on pci0
May  1 02:54:34 pfsense kernel: pcib34: <ACPI PCI-PCI bridge> at device 24.7 on pci0
May  1 02:54:34 pfsense kernel: acpi_acad0: <AC Adapter> on acpi0
May  1 02:54:34 pfsense kernel: atkbdc0: <Keyboard controller (i8042)> port 0x60,0x64 irq 1 on acpi0
May  1 02:54:34 pfsense kernel: atkbd0: <AT Keyboard> irq 1 on atkbdc0
May  1 02:54:34 pfsense kernel: kbd0 at atkbd0
May  1 02:54:34 pfsense kernel: atkbd0: [GIANT-LOCKED]
May  1 02:54:34 pfsense kernel: psm0: <PS/2 Mouse> irq 12 on atkbdc0
May  1 02:54:34 pfsense kernel: psm0: [GIANT-LOCKED]
May  1 02:54:34 pfsense kernel: WARNING: Device "psm" is Giant locked and may be deleted before FreeBSD 14.0.
May  1 02:54:34 pfsense kernel: psm0: model IntelliMouse, device ID 3
May  1 02:54:34 pfsense kernel: acpi_syscontainer0: <System Container> on acpi0
May  1 02:54:34 pfsense kernel: orm0: <ISA Option ROMs> at iomem 0xc0000-0xc7fff,0xc8000-0xc9fff,0xca000-0xcafff,0xcb000-0xcbfff,0xdc000-0xdffff,0xe0000-0xe7fff pnpid ORM0000 on isa0
May  1 02:54:34 pfsense kernel: vga0: <Generic ISA VGA> at port 0x3c0-0x3df iomem 0xa0000-0xbffff pnpid PNP0900 on isa0
May  1 02:54:34 pfsense kernel: Timecounter "TSC-low" frequency 2096011000 Hz quality 1000
May  1 02:54:34 pfsense kernel: Timecounters tick every 10.000 msec
May  1 02:54:34 pfsense kernel: ZFS filesystem version: 5
May  1 02:54:34 pfsense kernel: ZFS storage pool version: features support (5000)
May  1 02:54:34 pfsense kernel: em0: link state changed to UP
May  1 02:54:34 pfsense kernel: em1: link state changed to UP
May  1 02:54:34 pfsense kernel: usbus0: 12Mbps Full Speed USB v1.0
May  1 02:54:34 pfsense kernel: usbus1: 480Mbps High Speed USB v2.0
May  1 02:54:34 pfsense kernel: ugen1.1: <VMware EHCI root HUB> at usbus1
May  1 02:54:34 pfsense kernel: uhub0 on usbus1
May  1 02:54:34 pfsense kernel: uhub0: <VMware EHCI root HUB, class 9/0, rev 2.00/1.00, addr 1> on usbus1
May  1 02:54:34 pfsense kernel: ugen0.1: <VMware UHCI root HUB> at usbus0
May  1 02:54:34 pfsense kernel: uhub1 on usbus0
May  1 02:54:34 pfsense kernel: uhub1: <VMware UHCI root HUB, class 9/0, rev 1.00/1.00, addr 1> on usbus0
May  1 02:54:34 pfsense kernel: Trying to mount root from ufs:/dev/ufsid/69f3fd10a58f77d7 [rw,noatime]...
May  1 02:54:34 pfsense kernel: uhub1: 2 ports with 2 removable, self powered
May  1 02:54:34 pfsense kernel: Root mount waiting for: CAM usbus0 usbus1
May  1 02:54:34 pfsense kernel: ugen0.2: <VMware VMware Virtual USB Mouse> at usbus0
May  1 02:54:34 pfsense kernel: uhid0 on uhub1
May  1 02:54:34 pfsense kernel: uhid0: <VMware> on usbus0
May  1 02:54:34 pfsense kernel: uhid1 on uhub1
May  1 02:54:34 pfsense kernel: uhid1: <VMware> on usbus0
May  1 02:54:34 pfsense kernel: ugen0.3: <VMware, Inc. VMware Virtual USB Hub> at usbus0
May  1 02:54:34 pfsense kernel: uhub2 on uhub1
May  1 02:54:34 pfsense kernel: uhub2: <VMware, Inc.> on usbus0
May  1 02:54:34 pfsense kernel: Root mount waiting for: CAM usbus0 usbus1
May  1 02:54:34 pfsense kernel: uhub0: 6 ports with 6 removable, self powered
May  1 02:54:34 pfsense kernel: uhub2: 7 ports with 7 removable, self powered
May  1 02:54:34 pfsense kernel: Root mount waiting for: CAM
May  1 02:54:34 pfsense kernel: Root mount waiting for: CAM
May  1 02:54:34 pfsense kernel: Root mount waiting for: CAM
May  1 02:54:34 pfsense kernel: Root mount waiting for: CAM
May  1 02:54:34 pfsense kernel: Root mount waiting for: CAM
May  1 02:54:34 pfsense kernel: Root mount waiting for: CAM
May  1 02:54:34 pfsense kernel: Root mount waiting for: CAM
May  1 02:54:34 pfsense kernel: cd0 at ata1 bus 0 scbus1 target 0 lun 0
May  1 02:54:34 pfsense kernel: cd0: <NECVMWar VMware IDE CDR10 1.00> Removable CD-ROM SCSI device
May  1 02:54:34 pfsense kernel: cd0: Serial Number 10000000000000000001
May  1 02:54:34 pfsense kernel: cd0: 33.300MB/s transfers (UDMA2, ATAPI 12bytes, PIO 65534bytes)
May  1 02:54:34 pfsense kernel: cd0: 834MB (427086 2048 byte sectors)
May  1 02:54:34 pfsense kernel: cd0: quirks=0x40<RETRY_BUSY>
May  1 02:54:34 pfsense kernel: da0 at mpt0 bus 0 scbus2 target 0 lun 0
May  1 02:54:34 pfsense kernel: da0: <VMware, VMware Virtual S 1.0> Fixed Direct Access SCSI-2 device
May  1 02:54:34 pfsense kernel: da0: 320.000MB/s transfers (160.000MHz, offset 127, 16bit)
May  1 02:54:34 pfsense kernel: da0: Command Queueing enabled
May  1 02:54:34 pfsense kernel: da0: 20480MB (41943040 512 byte sectors)
May  1 02:54:34 pfsense kernel: da0: quirks=0x140<RETRY_BUSY,STRICT_UNMAP>
May  1 02:54:34 pfsense kernel: WARNING: / was not properly dismounted
May  1 02:54:34 pfsense kernel: WARNING: /: mount pending error: blocks 8 files 1
May  1 02:54:34 pfsense kernel: CPU: AMD Ryzen 9 7950X3D 16-Core Processor           (4192.02-MHz K8-class CPU)
May  1 02:54:34 pfsense kernel:   Origin="AuthenticAMD"  Id=0xa60f12  Family=0x19  Model=0x61  Stepping=2
May  1 02:54:34 pfsense kernel:   Features=0x78bfbff<FPU,VME,DE,PSE,TSC,MSR,PAE,MCE,CX8,APIC,SEP,MTRR,PGE,MCA,CMOV,PAT,PSE36,CLFLUSH,MMX,FXSR,SSE,SSE2>
May  1 02:54:34 pfsense kernel:   Features2=0xfef83203<SSE3,PCLMULQDQ,SSSE3,FMA,CX16,SSE4.1,SSE4.2,x2APIC,MOVBE,POPCNT,AESNI,XSAVE,OSXSAVE,AVX,F16C,RDRAND,HV>
May  1 02:54:34 pfsense kernel:   AMD Features=0x2e500800<SYSCALL,NX,MMX+,FFXSR,Page1GB,RDTSCP,LM>
May  1 02:54:34 pfsense kernel:   AMD Features2=0x4002f1<LAHF,CR8,ABM,SSE4A,MAS,OSVW,Topology>
May  1 02:54:34 pfsense kernel:   Structured Extended Features=0xf1bf07ab<FSGSBASE,TSCADJ,BMI1,AVX2,SMEP,BMI2,ERMS,INVPCID,AVX512F,AVX512DQ,RDSEED,ADX,SMAP,AVX512IFMA,CLFLUSHOPT,CLWB,AVX512CD,SHA,AVX512BW,AVX512VL>
May  1 02:54:34 pfsense kernel:   Structured Extended Features2=0x405f46<AVX512VBMI,UMIP,AVX512VBMI2,GFNI,VAES,VPCLMULQDQ,AVX512VNNI,AVX512BITALG,AVX512VPOPCNTDQ,RDPID>
May  1 02:54:34 pfsense kernel:   Structured Extended Features3=0x10<FSRM>
May  1 02:54:34 pfsense kernel:   XSAVE Features=0xf<XSAVEOPT,XSAVEC,XINUSE,XSAVES>
May  1 02:54:34 pfsense kernel:   AMD Extended Feature Extensions ID EBX=0x10001001<CLZERO,IBPB>
May  1 02:54:34 pfsense kernel:   TSC: P-state invariant
May  1 02:54:34 pfsense kernel: Hypervisor: Origin = "VMwareVMware"
May  1 02:54:34 pfsense kernel: intsmb0: <Intel PIIX4 SMBUS Interface> port 0x1040-0x104f at device 7.3 on pci0
May  1 02:54:34 pfsense kernel: intsmb0: intr SMI disabled revision 0
May  1 02:54:34 pfsense kernel: smbus0: <System Management Bus> on intsmb0
May  1 02:54:34 pfsense kernel: lo0: link state changed to UP
May  1 02:54:37 pfsense kernel: done.
May  1 02:54:37 pfsense php-fpm[391]: /rc.linkup: The command '/sbin/dhclient -c /var/etc/dhclient_wan.conf -p /var/run/dhclient.em0.pid em0 > /tmp/em0_output 2> /tmp/em0_error_output' returned exit code '15', the output was '' 
May  1 02:54:37 pfsense check_reload_status[430]: rc.newwanip starting em0
May  1 02:54:38 pfsense php-fpm[392]: /rc.newwanip: rc.newwanip: Info: starting on em0.
May  1 02:54:38 pfsense php-fpm[392]: /rc.newwanip: rc.newwanip: on (IP address: 192.168.19.133) (interface: WAN[wan]) (real interface: em0).
May  1 02:54:38 pfsense check_reload_status[430]: rc.newwanip starting em0
May  1 02:54:38 pfsense php-cgi[450]: rc.bootup: calling interface_dhcpv6_configure.
May  1 02:54:38 pfsense php-cgi[450]: rc.bootup: Accept router advertisements on interface em0 
May  1 02:54:38 pfsense php-cgi[450]: rc.bootup: Starting DHCP6 client for interfaces em0 in DHCP6 without RA mode
May  1 02:54:38 pfsense php-cgi[450]: rc.bootup: Starting rtsold process on wan(em0)
May  1 02:54:39 pfsense php-fpm[392]: /rc.newwanip: rc.newwanip: Info: starting on em0.
May  1 02:54:39 pfsense php-fpm[392]: /rc.newwanip: rc.newwanip: on (IP address: 192.168.19.133) (interface: WAN[wan]) (real interface: em0).
May  1 02:54:40 pfsense kernel: done.
May  1 02:54:42 pfsense kernel: done.
May  1 02:54:42 pfsense php-cgi[450]: rc.bootup: Resyncing OpenVPN instances.
May  1 02:54:42 pfsense kernel: done.
May  1 02:54:42 pfsense kernel: pflog0: promiscuous mode enabled
May  1 02:54:43 pfsense kernel: .done.
May  1 02:54:43 pfsense kernel: done.
May  1 02:54:44 pfsense php-cgi[450]: rc.bootup: Gateway, NONE AVAILABLE
May  1 02:54:44 pfsense php-cgi[450]: rc.bootup: Gateway, none 'available' for inet6, use the first one configured. 'WAN_DHCP6'
May  1 02:54:44 pfsense php-cgi[450]: rc.bootup: Unbound start waiting on dhcp6c.
May  1 02:54:44 pfsense kernel: done.
May  1 02:54:45 pfsense php-cgi[450]: rc.bootup: Unbound start waiting on dhcp6c.
May  1 02:54:46 pfsense php-cgi[450]: rc.bootup: Unbound start waiting on dhcp6c.
May  1 02:54:47 pfsense php-cgi[450]: rc.bootup: Unbound start waiting on dhcp6c.
May  1 02:54:48 pfsense php-cgi[450]: rc.bootup: Unbound start waiting on dhcp6c.
May  1 02:54:49 pfsense php-cgi[450]: rc.bootup: Unbound start waiting on dhcp6c.
May  1 02:54:50 pfsense php-cgi[450]: rc.bootup: Unbound start waiting on dhcp6c.
May  1 02:54:51 pfsense php-cgi[450]: rc.bootup: Unbound start waiting on dhcp6c.
May  1 02:54:52 pfsense php-cgi[450]: rc.bootup: Unbound start waiting on dhcp6c.
May  1 02:54:53 pfsense php-cgi[450]: rc.bootup: Unbound start waiting on dhcp6c.
May  1 02:54:55 pfsense php-cgi[450]: rc.bootup: sync unbound done.
May  1 02:54:55 pfsense kernel: done.
May  1 02:54:55 pfsense kernel: done.
May  1 02:55:03 pfsense kernel: done.
May  1 02:55:03 pfsense php-cgi[450]: rc.bootup: NTPD is starting up.
May  1 02:55:03 pfsense kernel: done.
May  1 02:55:04 pfsense check_reload_status[430]: Updating all dyndns
May  1 02:55:04 pfsense kernel: done.
May  1 02:55:04 pfsense php-cgi[450]: rc.bootup: The command '/usr/local/sbin/strongswanrc stop' returned exit code '1', the output was 'strongswan not running? (check /var/run/daemon-charon.pid).' 
May  1 02:55:04 pfsense kernel: .done.
May  1 02:55:08 pfsense php-cgi[450]: rc.bootup: Creating rrd update script
May  1 02:55:08 pfsense syslogd: exiting on signal 15
May  1 02:55:09 pfsense syslogd: kernel boot file is /boot/kernel/kernel
May  1 02:55:09 pfsense kernel: done.
May  1 02:55:09 pfsense kernel: done.
May  1 02:55:09 pfsense php-fpm[391]: /rc.start_packages: Restarting/Starting all packages.
May  1 02:55:09 pfsense root[83694]: Bootup complete
May  1 02:55:09 pfsense login[86474]: login on ttyv0 as root
May  1 02:55:09 pfsense sshguard[89567]: Now monitoring attacks.
May  1 02:59:36 pfsense php-fpm[391]: /index.php: Successful login for user 'admin' from: 192.168.100.200 (Local Database)
May  1 03:01:00 pfsense root[268]: rc.update_bogons.sh is starting up.
May  1 03:01:00 pfsense root[2114]: rc.update_bogons.sh is sleeping for 35630
May  1 03:02:41 pfsense kernel: em0: link state changed to DOWN
May  1 03:02:41 pfsense check_reload_status[430]: Linkup starting em0
May  1 03:02:41 pfsense kernel: em0: link state changed to UP
May  1 03:02:41 pfsense check_reload_status[430]: Linkup starting em0
May  1 03:02:42 pfsense php-fpm[391]: /rc.linkup: Hotplug event detected for WAN(wan) dynamic IP address (4: dhcp, 6: dhcp6)
May  1 03:02:42 pfsense php-fpm[391]: /rc.linkup: DEVD Ethernet detached event for wan
May  1 03:02:44 pfsense check_reload_status[430]: Reloading filter
May  1 03:02:44 pfsense php-fpm[392]: /rc.linkup: Hotplug event detected for WAN(wan) dynamic IP address (4: dhcp, 6: dhcp6)
May  1 03:02:44 pfsense php-fpm[392]: /rc.linkup: DEVD Ethernet attached event for wan
May  1 03:02:44 pfsense php-fpm[392]: /rc.linkup: HOTPLUG: Configuring interface wan
May  1 03:02:44 pfsense rc.gateway_alarm[96017]: >>> Gateway alarm: WAN_DHCP (Addr:192.168.19.2 Alarm:down RTT:0ms RTTsd:0ms Loss:100%)
May  1 03:02:44 pfsense check_reload_status[430]: updating dyndns WAN_DHCP
May  1 03:02:44 pfsense check_reload_status[430]: Restarting IPsec tunnels
May  1 03:02:44 pfsense check_reload_status[430]: Restarting OpenVPN tunnels/interfaces
May  1 03:02:44 pfsense check_reload_status[430]: Reloading filter
May  1 03:02:44 pfsense check_reload_status[430]: rc.newwanip starting em0
May  1 03:02:44 pfsense php-fpm[392]: /rc.linkup: calling interface_dhcpv6_configure.
May  1 03:02:44 pfsense php-fpm[392]: /rc.linkup: Accept router advertisements on interface em0 
May  1 03:02:44 pfsense php-fpm[392]: /rc.linkup: Starting DHCP6 client for interfaces em0 in DHCP6 without RA mode
May  1 03:02:44 pfsense php-fpm[392]: /rc.linkup: Starting rtsold process on wan(em0)
May  1 03:02:46 pfsense php-fpm[23900]: /rc.openvpn: Gateway, none 'available' for inet, use the first one configured. 'WAN_DHCP'
May  1 03:02:46 pfsense php-fpm[23900]: /rc.openvpn: Gateway, none 'available' for inet6, use the first one configured. 'WAN_DHCP6'
May  1 03:02:46 pfsense php-fpm[23900]: /rc.newwanip: rc.newwanip: Info: starting on em0.
May  1 03:02:46 pfsense php-fpm[23900]: /rc.newwanip: rc.newwanip: on (IP address: 192.168.19.133) (interface: WAN[wan]) (real interface: em0).
May  1 03:02:46 pfsense php-fpm[392]: /rc.linkup: Gateway, none 'available' for inet, use the first one configured. 'WAN_DHCP'
May  1 03:02:46 pfsense php-fpm[392]: /rc.linkup: Gateway, none 'available' for inet6, use the first one configured. 'WAN_DHCP6'
May  1 03:02:46 pfsense check_reload_status[430]: Restarting IPsec tunnels
May  1 03:02:46 pfsense check_reload_status[430]: updating dyndns wan
May  1 03:02:46 pfsense check_reload_status[430]: Reloading filter
May  1 03:02:48 pfsense php-fpm[23900]: /rc.newwanip: Gateway, NONE AVAILABLE
May  1 03:02:48 pfsense php-fpm[23900]: /rc.newwanip: Gateway, none 'available' for inet6, use the first one configured. 'WAN_DHCP6'
May  1 03:02:48 pfsense php-fpm[23900]: /rc.newwanip: IP Address has changed, killing states on former IP Address 0.0.0.0.
May  1 03:02:48 pfsense php-fpm[23900]: /rc.newwanip: Resyncing OpenVPN instances for interface WAN.
May  1 03:02:48 pfsense php-fpm[23900]: /rc.newwanip: Creating rrd update script
May  1 03:02:50 pfsense php-fpm[23900]: /rc.newwanip: pfSense package system has detected an IP change or dynamic WAN reconnection - 0.0.0.0 ->  192.168.19.133 - Restarting packages.
May  1 03:02:50 pfsense check_reload_status[430]: Starting packages
May  1 03:02:50 pfsense check_reload_status[430]: Reloading filter
May  1 03:02:51 pfsense php-fpm[90088]: /rc.start_packages: Restarting/Starting all packages.
May  1 03:04:00 pfsense php-fpm[392]: /index.php: Successful login for user 'admin' from: 192.168.100.200 (Local Database)
May  1 03:04:36 pfsense php-fpm[23900]: /diag_halt.php: Stopping all packages.
May  1 03:04:37 pfsense shutdown[61477]: power-down by root: 
May  1 03:04:38 pfsense syslogd: exiting on signal 15
May  1 19:07:07 pfsense syslogd: kernel boot file is /boot/kernel/kernel
May  1 19:07:07 pfsense kernel: ---<<BOOT>>---
May  1 19:07:07 pfsense kernel: Copyright (c) 1992-2023 The FreeBSD Project.
May  1 19:07:07 pfsense kernel: Copyright (c) 1979, 1980, 1983, 1986, 1988, 1989, 1991, 1992, 1993, 1994
May  1 19:07:07 pfsense kernel: 	The Regents of the University of California. All rights reserved.
May  1 19:07:07 pfsense kernel: FreeBSD is a registered trademark of The FreeBSD Foundation.
May  1 19:07:07 pfsense kernel: FreeBSD 14.0-CURRENT amd64 1400094 #1 RELENG_2_7_2-n255948-8d2b56da39c: Wed Dec  6 20:45:47 UTC 2023
May  1 19:07:07 pfsense kernel:     root@freebsd:/var/jenkins/workspace/pfSense-CE-snapshots-2_7_2-main/obj/amd64/StdASW5b/var/jenkins/workspace/pfSense-CE-snapshots-2_7_2-main/sources/FreeBSD-src-RELENG_2_7_2/amd64.amd64/sys/pfSense amd64
May  1 19:07:07 pfsense kernel: FreeBSD clang version 16.0.6 (https://github.com/llvm/llvm-project.git llvmorg-16.0.6-0-g7cbf1a259152)
May  1 19:07:07 pfsense kernel: VT(vga): text 80x25
May  1 19:07:07 pfsense kernel: CPU: AMD Ryzen 9 7950X3D 16-Core Processor           (4192.02-MHz K8-class CPU)
May  1 19:07:07 pfsense kernel:   Origin="AuthenticAMD"  Id=0xa60f12  Family=0x19  Model=0x61  Stepping=2
May  1 19:07:07 pfsense kernel:   Features=0x783fbff<FPU,VME,DE,PSE,TSC,MSR,PAE,MCE,CX8,APIC,SEP,MTRR,PGE,MCA,CMOV,PAT,PSE36,MMX,FXSR,SSE,SSE2>
May  1 19:07:07 pfsense kernel:   Features2=0xfef83203<SSE3,PCLMULQDQ,SSSE3,FMA,CX16,SSE4.1,SSE4.2,x2APIC,MOVBE,POPCNT,AESNI,XSAVE,OSXSAVE,AVX,F16C,RDRAND,HV>
May  1 19:07:07 pfsense kernel:   AMD Features=0x2e500800<SYSCALL,NX,MMX+,FFXSR,Page1GB,RDTSCP,LM>
May  1 19:07:07 pfsense kernel:   AMD Features2=0x4002f1<LAHF,CR8,ABM,SSE4A,MAS,OSVW,Topology>
May  1 19:07:07 pfsense kernel:   Structured Extended Features=0xf1bf07ab<FSGSBASE,TSCADJ,BMI1,AVX2,SMEP,BMI2,ERMS,INVPCID,AVX512F,AVX512DQ,RDSEED,ADX,SMAP,AVX512IFMA,CLFLUSHOPT,CLWB,AVX512CD,SHA,AVX512BW,AVX512VL>
May  1 19:07:07 pfsense kernel:   Structured Extended Features2=0x405f46<AVX512VBMI,UMIP,AVX512VBMI2,GFNI,VAES,VPCLMULQDQ,AVX512VNNI,AVX512BITALG,AVX512VPOPCNTDQ,RDPID>
May  1 19:07:07 pfsense kernel:   Structured Extended Features3=0x10<FSRM>
May  1 19:07:07 pfsense kernel:   XSAVE Features=0xf<XSAVEOPT,XSAVEC,XINUSE,XSAVES>
May  1 19:07:07 pfsense kernel:   AMD Extended Feature Extensions ID EBX=0x10001001<CLZERO,IBPB>
May  1 19:07:07 pfsense kernel:   TSC: P-state invariant
May  1 19:07:07 pfsense kernel: Hypervisor: Origin = "VMwareVMware"
May  1 19:07:07 pfsense kernel: real memory  = 1073741824 (1024 MB)
May  1 19:07:07 pfsense kernel: avail memory = 973459456 (928 MB)
May  1 19:07:07 pfsense kernel: Event timer "LAPIC" quality 600
May  1 19:07:07 pfsense kernel: ACPI APIC Table: <PTLTD  	 APIC  >
May  1 19:07:07 pfsense kernel: random: registering fast source Intel Secure Key RNG
May  1 19:07:07 pfsense kernel: random: fast provider: "Intel Secure Key RNG"
May  1 19:07:07 pfsense kernel: random: unblocking device.
May  1 19:07:07 pfsense kernel: MADT: Forcing active-low polarity and level trigger for SCI
May  1 19:07:07 pfsense kernel: ioapic0 <Version 2.0> irqs 0-23
May  1 19:07:07 pfsense kernel: TCP_ratelimit: Is now initialized
May  1 19:07:07 pfsense kernel: wlan: mac acl policy registered
May  1 19:07:07 pfsense kernel: ipw_bss: You need to read the LICENSE file in /usr/share/doc/legal/intel_ipw.LICENSE.
May  1 19:07:07 pfsense kernel: ipw_bss: If you agree with the license, set legal.intel_ipw.license_ack=1 in /boot/loader.conf.
May  1 19:07:07 pfsense kernel: module_register_init: MOD_LOAD (ipw_bss_fw, 0xffffffff807475a0, 0) error 1
May  1 19:07:07 pfsense kernel: ipw_ibss: You need to read the LICENSE file in /usr/share/doc/legal/intel_ipw.LICENSE.
May  1 19:07:07 pfsense kernel: ipw_ibss: If you agree with the license, set legal.intel_ipw.license_ack=1 in /boot/loader.conf.
May  1 19:07:07 pfsense kernel: module_register_init: MOD_LOAD (ipw_ibss_fw, 0xffffffff80747650, 0) error 1
May  1 19:07:07 pfsense kernel: ipw_monitor: You need to read the LICENSE file in /usr/share/doc/legal/intel_ipw.LICENSE.
May  1 19:07:07 pfsense kernel: ipw_monitor: If you agree with the license, set legal.intel_ipw.license_ack=1 in /boot/loader.conf.
May  1 19:07:07 pfsense kernel: module_register_init: MOD_LOAD (ipw_monitor_fw, 0xffffffff80747700, 0) error 1
May  1 19:07:07 pfsense kernel: iwi_bss: You need to read the LICENSE file in /usr/share/doc/legal/intel_iwi.LICENSE.
May  1 19:07:07 pfsense kernel: iwi_bss: If you agree with the license, set legal.intel_iwi.license_ack=1 in /boot/loader.conf.
May  1 19:07:07 pfsense kernel: module_register_init: MOD_LOAD (iwi_bss_fw, 0xffffffff80765180, 0) error 1
May  1 19:07:07 pfsense kernel: iwi_ibss: You need to read the LICENSE file in /usr/share/doc/legal/intel_iwi.LICENSE.
May  1 19:07:07 pfsense kernel: iwi_ibss: If you agree with the license, set legal.intel_iwi.license_ack=1 in /boot/loader.conf.
May  1 19:07:07 pfsense kernel: module_register_init: MOD_LOAD (iwi_ibss_fw, 0xffffffff80765230, 0) error 1
May  1 19:07:07 pfsense kernel: iwi_monitor: You need to read the LICENSE file in /usr/share/doc/legal/intel_iwi.LICENSE.
May  1 19:07:07 pfsense kernel: iwi_monitor: If you agree with the license, set legal.intel_iwi.license_ack=1 in /boot/loader.conf.
May  1 19:07:07 pfsense kernel: module_register_init: MOD_LOAD (iwi_monitor_fw, 0xffffffff807652e0, 0) error 1
May  1 19:07:07 pfsense kernel: random: entropy device external interface
May  1 19:07:07 pfsense kernel: kbd1 at kbdmux0
May  1 19:07:07 pfsense kernel: WARNING: Device "spkr" is Giant locked and may be deleted before FreeBSD 14.0.
May  1 19:07:07 pfsense kernel: netgate0: <VMware Virtual Machine>
May  1 19:07:07 pfsense kernel: vtvga0: <VT VGA driver>
May  1 19:07:07 pfsense kernel: smbios0: <System Management BIOS> at iomem 0xf69b0-0xf69ce
May  1 19:07:07 pfsense kernel: smbios0: Version: 2.7
May  1 19:07:07 pfsense kernel: acpi0: <INTEL 440BX>
May  1 19:07:07 pfsense kernel: acpi0: Power Button (fixed)
May  1 19:07:07 pfsense kernel: hpet0: <High Precision Event Timer> iomem 0xfed00000-0xfed003ff on acpi0
May  1 19:07:07 pfsense kernel: Timecounter "HPET" frequency 14318180 Hz quality 950
May  1 19:07:07 pfsense kernel: cpu0: <ACPI CPU> numa-domain 0 on acpi0
May  1 19:07:07 pfsense kernel: attimer0: <AT timer> port 0x40-0x43 irq 0 on acpi0
May  1 19:07:07 pfsense kernel: Timecounter "i8254" frequency 1193182 Hz quality 0
May  1 19:07:07 pfsense kernel: Event timer "i8254" frequency 1193182 Hz quality 100
May  1 19:07:07 pfsense kernel: atrtc0: <AT realtime clock> port 0x70-0x71 irq 8 on acpi0
May  1 19:07:07 pfsense kernel: atrtc0: registered as a time-of-day clock, resolution 1.000000s
May  1 19:07:07 pfsense kernel: Event timer "RTC" frequency 32768 Hz quality 0
May  1 19:07:07 pfsense kernel: Timecounter "ACPI-fast" frequency 3579545 Hz quality 900
May  1 19:07:07 pfsense kernel: acpi_timer0: <24-bit timer at 3.579545MHz> port 0x1008-0x100b on acpi0
May  1 19:07:07 pfsense kernel: pcib0: <ACPI Host-PCI bridge> port 0xcf8-0xcff on acpi0
May  1 19:07:07 pfsense kernel: pci0: <ACPI PCI bus> on pcib0
May  1 19:07:07 pfsense kernel: pcib1: <ACPI PCI-PCI bridge> at device 1.0 on pci0
May  1 19:07:07 pfsense kernel: pci1: <ACPI PCI bus> on pcib1
May  1 19:07:07 pfsense kernel: isab0: <PCI-ISA bridge> at device 7.0 on pci0
May  1 19:07:07 pfsense kernel: isa0: <ISA bus> on isab0
May  1 19:07:07 pfsense kernel: atapci0: <Intel PIIX4 UDMA33 controller> port 0x1f0-0x1f7,0x3f6,0x170-0x177,0x376,0x1060-0x106f at device 7.1 on pci0
May  1 19:07:07 pfsense kernel: ata0: <ATA channel> at channel 0 on atapci0
May  1 19:07:07 pfsense kernel: ata1: <ATA channel> at channel 1 on atapci0
May  1 19:07:07 pfsense kernel: pci0: <bridge> at device 7.3 (no driver attached)
May  1 19:07:07 pfsense kernel: vgapci0: <VGA-compatible display> port 0x1070-0x107f mem 0xe8000000-0xefffffff,0xfe000000-0xfe7fffff irq 16 at device 15.0 on pci0
May  1 19:07:07 pfsense kernel: vgapci0: Boot video device
May  1 19:07:07 pfsense kernel: mpt0: <LSILogic 1030 Ultra4 Adapter> port 0x1400-0x14ff mem 0xfeb80000-0xfeb9ffff,0xfeba0000-0xfebbffff irq 17 at device 16.0 on pci0
May  1 19:07:07 pfsense kernel: mpt0: MPI Version=1.2.0.0
May  1 19:07:07 pfsense kernel: pcib2: <ACPI PCI-PCI bridge> at device 17.0 on pci0
May  1 19:07:07 pfsense kernel: pci2: <ACPI PCI bus> on pcib2
May  1 19:07:07 pfsense kernel: uhci0: <VMware USB controller> port 0x2400-0x241f irq 18 at device 0.0 on pci2
May  1 19:07:07 pfsense kernel: usbus0 on uhci0
May  1 19:07:07 pfsense kernel: em0: <Intel(R) Legacy PRO/1000 MT 82545EM (Copper)> port 0x2000-0x203f mem 0xfd5a0000-0xfd5bffff,0xfdff0000-0xfdffffff irq 19 at device 1.0 on pci2
May  1 19:07:07 pfsense kernel: em0: EEPROM V15.255-15
May  1 19:07:07 pfsense kernel: em0: Using 1024 TX descriptors and 1024 RX descriptors
May  1 19:07:07 pfsense kernel: em0: Ethernet address: XX:XX:XX:XX:XX:XX
May  1 19:07:07 pfsense kernel: em0: netmap queues/slots: TX 1/1024, RX 1/1024
May  1 19:07:07 pfsense kernel: em1: <Intel(R) Legacy PRO/1000 MT 82545EM (Copper)> port 0x2040-0x207f mem 0xfd580000-0xfd59ffff,0xfdfe0000-0xfdfeffff irq 16 at device 2.0 on pci2
May  1 19:07:07 pfsense kernel: em1: EEPROM V15.255-15
May  1 19:07:07 pfsense kernel: em1: Using 1024 TX descriptors and 1024 RX descriptors
May  1 19:07:07 pfsense kernel: em1: Ethernet address: XX:XX:XX:XX:XX:XX
May  1 19:07:07 pfsense kernel: em1: netmap queues/slots: TX 1/1024, RX 1/1024
May  1 19:07:07 pfsense kernel: pcm0: <AudioPCI ES1371-A> port 0x2080-0x20bf irq 17 at device 3.0 on pci2
May  1 19:07:07 pfsense kernel: pcm0: <Cirrus Logic CS4297A AC97 Codec>
May  1 19:07:07 pfsense kernel: pcm0: <Playback: DAC1,DAC2 / Record: ADC>
May  1 19:07:07 pfsense kernel: ehci0: <VMware USB 2.0 controller> mem 0xfd5cf000-0xfd5cffff irq 18 at device 4.0 on pci2
May  1 19:07:07 pfsense kernel: usbus1: EHCI version 1.0
May  1 19:07:07 pfsense kernel: usbus1 on ehci0
May  1 19:07:07 pfsense kernel: em2: <Intel(R) Legacy PRO/1000 MT 82545EM (Copper)> port 0x20c0-0x20ff mem 0xfd560000-0xfd57ffff,0xfdfd0000-0xfdfdffff irq 19 at device 5.0 on pci2
May  1 19:07:07 pfsense kernel: em2: EEPROM V15.255-15
May  1 19:07:07 pfsense kernel: em2: Using 1024 TX descriptors and 1024 RX descriptors
May  1 19:07:07 pfsense kernel: em2: Ethernet address: XX:XX:XX:XX:XX:XX
May  1 19:07:07 pfsense kernel: em2: netmap queues/slots: TX 1/1024, RX 1/1024
May  1 19:07:07 pfsense kernel: pcib3: <ACPI PCI-PCI bridge> at device 21.0 on pci0
May  1 19:07:07 pfsense kernel: pcib4: <ACPI PCI-PCI bridge> at device 21.1 on pci0
May  1 19:07:07 pfsense kernel: pcib5: <ACPI PCI-PCI bridge> at device 21.2 on pci0
May  1 19:07:07 pfsense kernel: pcib6: <ACPI PCI-PCI bridge> at device 21.3 on pci0
May  1 19:07:07 pfsense kernel: pcib7: <ACPI PCI-PCI bridge> at device 21.4 on pci0
May  1 19:07:07 pfsense kernel: pcib8: <ACPI PCI-PCI bridge> at device 21.5 on pci0
May  1 19:07:07 pfsense kernel: pcib9: <ACPI PCI-PCI bridge> at device 21.6 on pci0
May  1 19:07:07 pfsense kernel: pcib10: <ACPI PCI-PCI bridge> at device 21.7 on pci0
May  1 19:07:07 pfsense kernel: pcib11: <ACPI PCI-PCI bridge> at device 22.0 on pci0
May  1 19:07:07 pfsense kernel: pcib12: <ACPI PCI-PCI bridge> at device 22.1 on pci0
May  1 19:07:07 pfsense kernel: pcib13: <ACPI PCI-PCI bridge> at device 22.2 on pci0
